[2026-02-12 22:13:53] [INFO] Configuration saved.
[2026-02-12 22:13:53] [INFO] Bill Validator Service Started.
[2026-02-12 22:13:53] [INFO] EGM Core Module Ready. Type 'help' for commands.
[2026-02-12 22:13:53] [INFO] [Hardware] Pinging Bill Validator...
[2026-02-12 22:13:54] [INFO] Bill Validator ACK received.
[2026-02-12 22:23:26] [INFO] Configuration loaded.
[2026-02-12 22:23:26] [INFO] Bill Validator Service Started.
[2026-02-12 22:23:26] [INFO] EGM Core Module Ready. Type 'help' for commands.
[2026-02-12 22:23:26] [INFO] [Hardware] Pinging Bill Validator...
[2026-02-12 22:23:26] [INFO] Bill Validator ACK received.
[2026-02-12 22:23:31] [INFO] [Update] Starting install: a.json
[2026-02-12 22:23:31] [INFO] State Changed: IDLE -> UPDATING | Reason: User initiated update
[2026-02-12 22:23:31] [ERROR] [Update] Install failed: Package file not found.
[2026-02-12 22:23:31] [WARNING] [Update] Rolling back to 1.0.0
[2026-02-12 22:23:31] [INFO] Configuration saved.
[2026-02-12 22:23:31] [INFO] State Changed: UPDATING -> IDLE | Reason: Rollback complete
[2026-02-12 22:23:36] [INFO] [Hardware] Pinging Bill Validator...
[2026-02-12 22:23:36] [INFO] Bill Validator ACK received.
[2026-02-12 22:23:46] [INFO] [Hardware] Pinging Bill Validator...
[2026-02-12 22:23:46] [INFO] Bill Validator ACK received.
[2026-02-12 22:23:56] [INFO] [Hardware] Pinging Bill Validator...
[2026-02-12 22:23:56] [INFO] Bill Validator ACK received.
[2026-02-12 22:24:06] [INFO] [Hardware] Pinging Bill Validator...
[2026-02-12 22:24:06] [INFO] Bill Validator ACK received.
[2026-02-12 22:24:22] [INFO] Configuration loaded.
[2026-02-12 22:24:26] [INFO] Bill Validator Service Started.
[2026-02-12 22:24:26] [INFO] EGM Core Module Ready. Type 'help' for commands.
[2026-02-12 22:24:26] [INFO] [Hardware] Pinging Bill Validator...
[2026-02-12 22:24:26] [INFO] Bill Validator ACK received.
[2026-02-12 22:24:36] [INFO] [Hardware] Pinging Bill Validator...
[2026-02-12 22:24:36] [INFO] Bill Validator ACK received.
[2026-02-12 22:24:46] [INFO] [Hardware] Pinging Bill Validator...
[2026-02-12 22:24:51] [INFO] Configuration loaded.
[2026-02-12 22:24:58] [INFO] Bill Validator Service Started.
[2026-02-12 22:24:58] [INFO] EGM Core Module Ready. Type 'help' for commands.
[2026-02-12 22:24:58] [INFO] [Hardware] Pinging Bill Validator...
[2026-02-12 22:24:59] [INFO] Bill Validator ACK received.
[2026-02-12 22:25:10] [INFO] [Hardware] Pinging Bill Validator...
[2026-02-12 22:25:28] [ERROR] [Hardware] Bill Validator Timeout! No ACK received.
[2026-02-12 22:25:28] [INFO] [Update] Starting install: a.json
[2026-02-12 22:25:28] [INFO] Bill Validator ACK received.
[2026-02-12 22:25:28] [INFO] [Hardware] Pinging Bill Validator...
[2026-02-12 22:25:30] [INFO] [Hardware] Pinging Bill Validator...
[2026-02-12 22:25:30] [WARNING] [FORCE] Forcing state to MAINTENANCE. Reason: Bill Validator Hardware Failure
[2026-02-12 22:25:30] [INFO] State Changed: IDLE -> MAINTENANCE | Reason: Bill Validator Hardware Failure
[2026-02-12 22:25:30] [WARNING] Invalid Transition: Cannot go from MAINTENANCE to UPDATING. Reason: User initiated update
[2026-02-12 22:25:32] [INFO] Bill Validator ACK received.
[2026-02-12 22:25:32] [ERROR] [Hardware] Bill Validator Timeout! No ACK received.
[2026-02-12 22:25:32] [WARNING] [Update] System must be IDLE.
[2026-02-12 22:25:32] [ERROR] [Hardware] Bill Validator Timeout! No ACK received.
[2026-02-12 22:26:03] [INFO] Configuration loaded.
[2026-02-12 22:26:07] [INFO] Bill Validator Service Started.
[2026-02-12 22:26:07] [INFO] EGM Core Module Ready. Type 'help' for commands.
[2026-02-12 22:26:07] [INFO] [Hardware] Pinging Bill Validator...
[2026-02-12 22:26:07] [INFO] Bill Validator ACK received.
[2026-02-12 22:26:19] [INFO] [Hardware] Pinging Bill Validator...
[2026-02-12 22:26:21] [INFO] Bill Validator ACK received.
[2026-02-12 22:26:23] [INFO] [Update] Starting install: a.json
[2026-02-12 22:26:24] [INFO] State Changed: IDLE -> UPDATING | Reason: User initiated update
[2026-02-12 22:26:30] [INFO] [Hardware] Pinging Bill Validator...
[2026-02-12 22:26:44] [INFO] [Hardware] Pinging Bill Validator...
[2026-02-12 22:26:48] [INFO] [Hardware] Pinging Bill Validator...
[2026-02-12 22:26:48] [INFO] Bill Validator ACK received.
[2026-02-12 22:27:00] [INFO] Bill Validator ACK received.
[2026-02-12 22:27:00] [INFO] Bill Validator ACK received.
[2026-02-12 22:27:00] [ERROR] [Hardware] Bill Validator Timeout! No ACK received.
[2026-02-12 22:27:01] [ERROR] [Update] Install failed: Package file not found.
[2026-02-12 22:27:00] [INFO] [Hardware] Pinging Bill Validator...
[2026-02-13 00:26:45] [INFO] Configuration loaded.
[2026-02-13 00:26:45] [INFO] Bill Validator Service Started.
[2026-02-13 00:26:45] [INFO] EGM Core Module Ready. Type 'help' for commands.
[2026-02-13 00:26:45] [INFO] [Hardware] Pinging Bill Validator...
[2026-02-13 00:26:45] [INFO] Bill Validator ACK received.
[2026-02-13 00:26:55] [INFO] [Hardware] Pinging Bill Validator...
[2026-02-13 00:26:55] [INFO] Bill Validator ACK received.
[2026-02-13 00:27:08] [INFO] [Hardware] Pinging Bill Validator...
[2026-02-13 00:27:12] [ERROR] [Hardware] Bill Validator Timeout! No ACK received.
[2026-02-13 00:27:12] [INFO] Bill Validator ACK received.
[2026-02-13 00:27:14] [INFO] [Update] Starting install: v1.01.04.json
[2026-02-13 00:27:15] [INFO] [Hardware] Pinging Bill Validator...
[2026-02-13 00:27:15] [WARNING] [FORCE] Forcing state to MAINTENANCE. Reason: Bill Validator Hardware Failure
[2026-02-13 00:27:15] [INFO] State Changed: IDLE -> MAINTENANCE | Reason: Bill Validator Hardware Failure
[2026-02-13 00:27:15] [WARNING] Invalid Transition: Cannot go from MAINTENANCE to UPDATING. Reason: User initiated update
[2026-02-13 00:27:17] [INFO] Bill Validator ACK received.
[2026-02-13 00:27:17] [WARNING] [Update] System must be IDLE.
[2026-02-13 00:27:26] [INFO] [Hardware] Pinging Bill Validator...
[2026-02-13 00:28:02] [INFO] Configuration loaded.
[2026-02-13 00:28:02] [INFO] Bill Validator Service Started.
[2026-02-13 00:28:02] [INFO] EGM Core Module Ready. Type 'help' for commands.
[2026-02-13 00:28:02] [INFO] [Hardware] Pinging Bill Validator...
[2026-02-13 00:28:03] [INFO] Bill Validator ACK received.
[2026-02-13 00:28:12] [INFO] [Hardware] Pinging Bill Validator...
[2026-02-13 00:28:13] [INFO] [Update] Starting install: v1.01.04.json
[2026-02-13 00:28:14] [INFO] Bill Validator ACK received.
[2026-02-13 00:28:14] [INFO] State Changed: IDLE -> UPDATING | Reason: User initiated update
[2026-02-13 00:28:29] [INFO] [Hardware] Pinging Bill Validator...
[2026-02-13 00:28:31] [INFO] Bill Validator ACK received.
[2026-02-13 00:28:36] [INFO] [Hardware] Pinging Bill Validator...
[2026-02-13 00:28:41] [ERROR] [Hardware] Bill Validator Timeout! No ACK received.
[2026-02-13 00:28:45] [INFO] [Hardware] Pinging Bill Validator...
[2026-02-13 00:28:47] [INFO] Bill Validator ACK received.
[2026-02-13 00:28:47] [WARNING] [FORCE] Forcing state to MAINTENANCE. Reason: Bill Validator Hardware Failure
[2026-02-13 00:28:49] [INFO] Bill Validator ACK received.
[2026-02-13 00:28:49] [ERROR] [Update] Package validation failed: Package file: v1.01.04.json, does not exist.
[2026-02-13 00:28:49] [INFO] State Changed: UPDATING -> MAINTENANCE | Reason: Bill Validator Hardware Failure
[2026-02-13 00:28:52] [ERROR] [Hardware] Bill Validator Timeout! No ACK received.
[2026-02-13 00:28:52] [INFO] [Hardware] Pinging Bill Validator...
[2026-02-13 00:28:52] [INFO] State Changed: MAINTENANCE -> IDLE | Reason: Validation failed
[2026-02-13 00:33:53] [INFO] Configuration loaded.
[2026-02-13 00:33:53] [INFO] Bill Validator Service Started.
[2026-02-13 00:33:53] [INFO] EGM Core Module Ready. Type 'help' for commands.
[2026-02-13 00:33:53] [INFO] [Hardware] Pinging Bill Validator...
[2026-02-13 00:33:53] [INFO] Bill Validator ACK received.
[2026-02-13 00:34:03] [INFO] [Hardware] Pinging Bill Validator...
[2026-02-13 00:34:03] [INFO] Bill Validator ACK received.
[2026-02-13 00:34:13] [INFO] [Hardware] Pinging Bill Validator...
[2026-02-13 00:34:13] [INFO] Bill Validator ACK received.
[2026-02-13 00:34:23] [INFO] [Hardware] Pinging Bill Validator...
[2026-02-13 00:34:23] [INFO] Bill Validator ACK received.
[2026-02-13 00:34:33] [INFO] [Hardware] Pinging Bill Validator...
[2026-02-13 00:34:39] [INFO] Bill Validator ACK received.
[2026-02-13 00:34:39] [INFO] [Update] Starting install: E:\EGM.Core\Data\v1.01.04.txt
[2026-02-13 00:34:40] [INFO] State Changed: IDLE -> UPDATING | Reason: User initiated update
[2026-02-13 00:34:50] [INFO] [Hardware] Pinging Bill Validator...
[2026-02-13 00:34:53] [ERROR] [Hardware] Bill Validator Timeout! No ACK received.
[2026-02-13 00:34:53] [INFO] [Hardware] Pinging Bill Validator...
[2026-02-13 00:34:53] [INFO] Bill Validator ACK received.
[2026-02-13 00:34:54] [WARNING] [FORCE] Forcing state to MAINTENANCE. Reason: Bill Validator Hardware Failure
[2026-02-13 00:34:56] [INFO] Bill Validator ACK received.
[2026-02-13 00:34:56] [INFO] State Changed: UPDATING -> MAINTENANCE | Reason: Bill Validator Hardware Failure
[2026-02-13 00:36:45] [INFO] Configuration loaded.
[2026-02-13 00:36:46] [INFO] Bill Validator Service Started.
[2026-02-13 00:36:46] [INFO] EGM Core Module Ready. Type 'help' for commands.
[2026-02-13 00:36:46] [INFO] [Hardware] Pinging Bill Validator...
[2026-02-13 00:36:46] [INFO] Bill Validator ACK received.
[2026-02-13 00:36:54] [INFO] [Update] Starting install: "E:\EGM.Core\Data\pkg_v1.01.04.txt"
[2026-02-13 00:36:58] [INFO] [Hardware] Pinging Bill Validator...
[2026-02-13 00:36:58] [INFO] State Changed: IDLE -> UPDATING | Reason: User initiated update
[2026-02-13 00:37:04] [ERROR] [Hardware] Bill Validator Timeout! No ACK received.
[2026-02-13 00:37:04] [INFO] Bill Validator ACK received.
[2026-02-13 00:37:07] [INFO] [Hardware] Pinging Bill Validator...
[2026-02-13 00:37:07] [WARNING] [FORCE] Forcing state to MAINTENANCE. Reason: Bill Validator Hardware Failure
[2026-02-13 00:38:10] [INFO] Configuration loaded.
[2026-02-13 00:38:10] [INFO] Bill Validator Service Started.
[2026-02-13 00:38:10] [INFO] EGM Core Module Ready. Type 'help' for commands.
[2026-02-13 00:38:10] [INFO] [Hardware] Pinging Bill Validator...
[2026-02-13 00:38:11] [INFO] Bill Validator ACK received.
[2026-02-13 00:38:21] [INFO] [Hardware] Pinging Bill Validator...
[2026-02-13 00:38:22] [INFO] Bill Validator ACK received.
[2026-02-13 00:38:22] [INFO] [Update] Starting install: E:\EGM.Core\Data\pkg_v1.01.04.txt
[2026-02-13 00:38:23] [INFO] State Changed: IDLE -> UPDATING | Reason: User initiated update
[2026-02-13 00:39:21] [INFO] Configuration loaded.
[2026-02-13 00:39:21] [INFO] Bill Validator Service Started.
[2026-02-13 00:39:21] [INFO] EGM Core Module Ready. Type 'help' for commands.
[2026-02-13 00:39:21] [INFO] [Hardware] Pinging Bill Validator...
[2026-02-13 00:39:21] [INFO] Bill Validator ACK received.
[2026-02-13 00:39:32] [INFO] [Hardware] Pinging Bill Validator...
[2026-02-13 00:39:32] [INFO] [Update] Starting install: E:\EGM.Core\Data\update_pkg_v1.01.04.txt
[2026-02-13 00:39:32] [INFO] State Changed: IDLE -> UPDATING | Reason: User initiated update
[2026-02-13 00:39:32] [ERROR] [Update] Package validation failed: Invalid version format.
[2026-02-13 00:39:32] [INFO] State Changed: UPDATING -> IDLE | Reason: Validation failed
[2026-02-13 00:41:43] [INFO] Configuration loaded.
[2026-02-13 00:41:43] [INFO] Bill Validator Service Started.
[2026-02-13 00:41:43] [INFO] EGM Core Module Ready. Type 'help' for commands.
[2026-02-13 00:41:43] [INFO] [Hardware] Pinging Bill Validator...
[2026-02-13 00:41:44] [INFO] Bill Validator ACK received.
[2026-02-13 00:41:54] [INFO] [Hardware] Pinging Bill Validator...
[2026-02-13 00:41:55] [INFO] [Update] Starting install: E:\EGM.Core\Data\update_pkg_v1.01.04.txt
[2026-02-13 00:41:55] [INFO] State Changed: IDLE -> UPDATING | Reason: User initiated update
[2026-02-13 00:41:56] [INFO] Bill Validator ACK received.
[2026-02-13 00:42:08] [INFO] [Hardware] Pinging Bill Validator...
[2026-02-13 00:45:57] [INFO] Configuration loaded.
[2026-02-13 00:45:57] [INFO] Bill Validator Service Started.
[2026-02-13 00:45:57] [INFO] EGM Core Module Ready. Type 'help' for commands.
[2026-02-13 00:45:57] [INFO] [Hardware] Pinging Bill Validator...
[2026-02-13 00:45:58] [INFO] Bill Validator ACK received.
[2026-02-13 00:46:00] [INFO] [Update] Starting install: E:\EGM.Core\Data\update_pkg_1.1.4.txt
[2026-02-13 00:46:00] [INFO] State Changed: IDLE -> UPDATING | Reason: User initiated update
[2026-02-13 00:46:00] [INFO] [Update] Valid package. Target version: 1.1.4
[2026-02-13 00:46:00] [INFO] [Update] Running pre-install script...
[2026-02-13 00:46:01] [INFO] Configuration saved.
[2026-02-13 00:46:01] [INFO] [Update] Success. Version updated to 1.1.4
[2026-02-13 00:46:01] [INFO] State Changed: UPDATING -> IDLE | Reason: Update complete
[2026-02-13 00:46:07] [INFO] [Hardware] Pinging Bill Validator...
[2026-02-13 00:46:08] [INFO] Bill Validator ACK received.
[2026-02-13 00:46:17] [INFO] [Hardware] Pinging Bill Validator...
[2026-02-13 00:46:18] [INFO] Bill Validator ACK received.
[2026-02-13 00:46:27] [INFO] [Hardware] Pinging Bill Validator...
[2026-02-13 00:46:28] [INFO] Bill Validator ACK received.
[2026-02-13 00:46:37] [INFO] [Hardware] Pinging Bill Validator...
[2026-02-13 00:46:38] [INFO] Bill Validator ACK received.
[2026-02-13 00:46:47] [INFO] [Hardware] Pinging Bill Validator...
[2026-02-13 00:46:48] [INFO] Bill Validator ACK received.
[2026-02-13 00:46:57] [INFO] [Hardware] Pinging Bill Validator...
[2026-02-13 00:46:58] [INFO] Bill Validator ACK received.
[2026-02-13 00:47:07] [INFO] [Hardware] Pinging Bill Validator...
[2026-02-13 00:47:08] [INFO] Bill Validator ACK received.
[2026-02-13 00:47:17] [INFO] [Hardware] Pinging Bill Validator...
[2026-02-13 00:47:18] [INFO] Bill Validator ACK received.
[2026-02-13 00:47:27] [INFO] [Hardware] Pinging Bill Validator...
[2026-02-13 00:47:28] [INFO] Bill Validator ACK received.
[2026-02-13 00:47:31] [INFO] [Update] Starting install: E:\EGM.Core\Data\update_pkg_1.1.3.txt
[2026-02-13 00:47:31] [INFO] State Changed: IDLE -> UPDATING | Reason: User initiated update
[2026-02-13 00:47:31] [ERROR] [Update] Package validation failed: Downgrade or same version not allowed.
[2026-02-13 00:47:31] [INFO] State Changed: UPDATING -> IDLE | Reason: Validation failed
[2026-02-13 00:47:37] [INFO] [Hardware] Pinging Bill Validator...
[2026-02-13 00:47:38] [INFO] Bill Validator ACK received.
[2026-02-13 00:47:47] [INFO] [Hardware] Pinging Bill Validator...
[2026-02-13 00:47:48] [INFO] Bill Validator ACK received.
[2026-02-13 00:47:57] [INFO] [Hardware] Pinging Bill Validator...
[2026-02-13 00:47:58] [INFO] Bill Validator ACK received.
[2026-02-13 14:06:34] [INFO] Configuration loaded.
[2026-02-13 14:06:34] [INFO] Bill Validator Service Started.
[2026-02-13 14:06:34] [INFO] EGM Core Module Ready. Type 'help' for commands.
[2026-02-13 14:06:34] [INFO] [Hardware] Pinging Bill Validator...
[2026-02-13 14:06:34] [INFO] Bill Validator ACK received.
[2026-02-13 14:06:44] [INFO] [Hardware] Pinging Bill Validator...
[2026-02-13 14:06:44] [INFO] Bill Validator ACK received.
[2026-02-13 14:06:48] [INFO] [Update] Starting install: E:\EGM.Core\Data\update_pkg_1.1.5.txt
[2026-02-13 14:06:48] [INFO] State Changed: IDLE -> UPDATING | Reason: User initiated update
[2026-02-13 14:06:48] [INFO] [Update] Valid package. Target version: 1.1.5
[2026-02-13 14:06:48] [INFO] [Update] Running pre-install script...
[2026-02-13 14:06:49] [INFO] Configuration saved.
[2026-02-13 14:06:50] [INFO] [Update] Success. Version updated to 1.1.5
[2026-02-13 14:06:50] [INFO] State Changed: UPDATING -> IDLE | Reason: Update complete
[2026-02-13 14:06:54] [INFO] [Hardware] Pinging Bill Validator...
[2026-02-13 14:06:54] [INFO] Bill Validator ACK received.
[2026-02-13 14:07:04] [INFO] [Hardware] Pinging Bill Validator...
[2026-02-13 14:07:04] [INFO] Bill Validator ACK received.
[2026-02-13 14:07:14] [INFO] [Hardware] Pinging Bill Validator...
[2026-02-13 14:07:14] [INFO] Bill Validator ACK received.
[2026-02-13 14:07:24] [INFO] [Hardware] Pinging Bill Validator...
[2026-02-13 14:07:24] [INFO] Bill Validator ACK received.
[2026-02-13 14:07:34] [INFO] [Hardware] Pinging Bill Validator...
[2026-02-13 14:07:34] [INFO] Bill Validator ACK received.
[2026-02-13 14:07:39] [WARNING] [FORCE] Forcing state to MAINTENANCE. Reason: Door Opened (Security Alert)
[2026-02-13 14:07:39] [INFO] State Changed: IDLE -> MAINTENANCE | Reason: Door Opened (Security Alert)
[2026-02-13 14:07:44] [INFO] [Hardware] Pinging Bill Validator...
[2026-02-13 14:07:44] [INFO] Bill Validator ACK received.
[2026-02-13 14:07:54] [INFO] [Hardware] Pinging Bill Validator...
[2026-02-13 14:07:54] [INFO] Bill Validator ACK received.
[2026-02-13 14:08:04] [INFO] [Hardware] Pinging Bill Validator...
[2026-02-13 14:08:04] [INFO] Bill Validator ACK received.
[2026-02-13 14:08:10] [WARNING] Bill Validator simulation set to: WORKING
[2026-02-13 14:08:14] [INFO] [Hardware] Pinging Bill Validator...
[2026-02-13 14:08:14] [INFO] Bill Validator ACK received.
[2026-02-13 14:08:24] [INFO] [Hardware] Pinging Bill Validator...
[2026-02-13 14:08:24] [INFO] Bill Validator ACK received.
[2026-02-13 14:08:34] [INFO] [Hardware] Pinging Bill Validator...
[2026-02-13 14:08:34] [INFO] Bill Validator ACK received.
[2026-02-13 14:08:36] [WARNING] Bill Validator simulation set to: BROKEN (No ACKs)
[2026-02-13 14:08:44] [INFO] [Hardware] Pinging Bill Validator...
[2026-02-13 14:08:46] [ERROR] [Hardware] Bill Validator Timeout! No ACK received.
[2026-02-13 14:08:46] [WARNING] [FORCE] Forcing state to MAINTENANCE. Reason: Bill Validator Hardware Failure
[2026-02-13 14:08:46] [INFO] State Changed: MAINTENANCE -> MAINTENANCE | Reason: Bill Validator Hardware Failure
[2026-02-13 14:08:54] [INFO] [Hardware] Pinging Bill Validator...
[2026-02-13 14:08:56] [ERROR] [Hardware] Bill Validator Timeout! No ACK received.
[2026-02-13 14:08:56] [WARNING] [FORCE] Forcing state to MAINTENANCE. Reason: Bill Validator Hardware Failure
[2026-02-13 14:08:56] [INFO] State Changed: MAINTENANCE -> MAINTENANCE | Reason: Bill Validator Hardware Failure
[2026-02-13 14:09:04] [INFO] [Hardware] Pinging Bill Validator...
[2026-02-13 14:09:06] [ERROR] [Hardware] Bill Validator Timeout! No ACK received.
[2026-02-13 14:09:06] [WARNING] [FORCE] Forcing state to MAINTENANCE. Reason: Bill Validator Hardware Failure
[2026-02-13 14:09:06] [INFO] State Changed: MAINTENANCE -> MAINTENANCE | Reason: Bill Validator Hardware Failure
[2026-02-13 14:09:14] [INFO] [Hardware] Pinging Bill Validator...
[2026-02-13 14:09:16] [ERROR] [Hardware] Bill Validator Timeout! No ACK received.
[2026-02-13 14:09:16] [WARNING] [FORCE] Forcing state to MAINTENANCE. Reason: Bill Validator Hardware Failure
[2026-02-13 14:09:16] [INFO] State Changed: MAINTENANCE -> MAINTENANCE | Reason: Bill Validator Hardware Failure
[2026-02-13 14:09:24] [INFO] [Hardware] Pinging Bill Validator...
[2026-02-13 14:09:26] [ERROR] [Hardware] Bill Validator Timeout! No ACK received.
[2026-02-13 14:09:26] [WARNING] [FORCE] Forcing state to MAINTENANCE. Reason: Bill Validator Hardware Failure
[2026-02-13 14:09:26] [INFO] State Changed: MAINTENANCE -> MAINTENANCE | Reason: Bill Validator Hardware Failure
[2026-02-13 14:09:34] [INFO] [Hardware] Pinging Bill Validator...
[2026-02-13 14:39:44] [INFO] Configuration loaded.
[2026-02-13 14:39:44] [INFO] Bill Validator Service Started.
[2026-02-13 14:39:44] [INFO] EGM Core Module Ready. Type 'help' for commands.
[2026-02-13 14:39:44] [INFO] [Hardware] Pinging Bill Validator...
[2026-02-13 14:39:45] [INFO] Bill Validator ACK received.
[2026-02-13 14:39:47] [INFO] [CLI] Command received: status
[2026-02-13 14:39:54] [INFO] [Hardware] Pinging Bill Validator...
[2026-02-13 14:39:55] [INFO] Bill Validator ACK received.
[2026-02-13 14:40:02] [INFO] [CLI] Command received: help
[2026-02-13 14:40:39] [INFO] Configuration loaded.
[2026-02-13 14:40:39] [INFO] Bill Validator Service Started.
[2026-02-13 14:40:39] [INFO] EGM Core Module Ready. Type 'help' for commands.
[2026-02-13 14:40:39] [INFO] [Hardware] Pinging Bill Validator...
[2026-02-13 14:40:40] [INFO] Bill Validator ACK received.
[2026-02-13 14:40:41] [INFO] [CLI] Command received: status
[2026-02-13 14:40:58] [INFO] Configuration loaded.
[2026-02-13 14:40:58] [INFO] Bill Validator Service Started.
[2026-02-13 14:40:58] [INFO] [Hardware] Pinging Bill Validator...
[2026-02-13 14:40:58] [INFO] EGM Core Module Ready. Type 'help' for commands.
[2026-02-13 14:40:59] [INFO] Bill Validator ACK received.
[2026-02-13 14:41:00] [INFO] [CLI] Command received: status
[2026-02-13 14:41:08] [INFO] [Hardware] Pinging Bill Validator...
[2026-02-13 14:41:09] [INFO] Bill Validator ACK received.
[2026-02-13 14:43:40] [INFO] Configuration loaded.
[2026-02-13 14:43:40] [INFO] Bill Validator Service Started.
[2026-02-13 14:43:40] [INFO] [Hardware] Pinging Bill Validator...
[2026-02-13 14:43:40] [INFO] EGM Core Module Ready. Type 'help' for commands.
[2026-02-13 14:43:41] [INFO] Bill Validator ACK received.
[2026-02-13 14:43:42] [INFO] [CLI] Command received: status
[2026-02-13 14:44:39] [INFO] Configuration loaded.
[2026-02-13 14:44:39] [INFO] Bill Validator Service Started.
[2026-02-13 14:44:39] [INFO] EGM Core Module Ready. Type 'help' for commands.
[2026-02-13 14:44:39] [INFO] [Hardware] Pinging Bill Validator...
[2026-02-13 14:44:39] [INFO] Bill Validator ACK received.
[2026-02-13 14:44:49] [INFO] [Hardware] Pinging Bill Validator...
[2026-02-13 14:44:49] [INFO] Bill Validator ACK received.
[2026-02-13 14:44:59] [INFO] [Hardware] Pinging Bill Validator...
[2026-02-13 14:44:59] [INFO] Bill Validator ACK received.
[2026-02-13 14:45:01] [INFO] [CLI] Command received: device bill_validator ack off
[2026-02-13 14:45:01] [WARNING] Bill Validator simulation set to: BROKEN (No ACKs)
[2026-02-13 14:45:09] [INFO] [Hardware] Pinging Bill Validator...
[2026-02-13 14:45:11] [ERROR] [Hardware] Bill Validator Timeout! No ACK received.
[2026-02-13 14:45:11] [WARNING] [FORCE] Forcing state to MAINTENANCE. Reason: Bill Validator Hardware Failure
[2026-02-13 14:45:11] [INFO] State Changed: IDLE -> MAINTENANCE | Reason: Bill Validator Hardware Failure
[2026-02-13 14:45:19] [INFO] [Hardware] Pinging Bill Validator...
[2026-02-13 14:45:21] [ERROR] [Hardware] Bill Validator Timeout! No ACK received.
[2026-02-13 14:45:29] [INFO] [Hardware] Pinging Bill Validator...
[2026-02-13 14:45:31] [ERROR] [Hardware] Bill Validator Timeout! No ACK received.
[2026-02-13 14:45:39] [INFO] [Hardware] Pinging Bill Validator...
[2026-02-13 14:53:24] [INFO] Configuration loaded.
[2026-02-13 14:53:24] [INFO] Bill Validator Service Started.
[2026-02-13 14:53:24] [INFO] EGM Core Module Ready. Type 'help' for commands.
[2026-02-13 14:53:24] [INFO] [Hardware] Pinging Bill Validator...
[2026-02-13 14:53:25] [INFO] Bill Validator ACK received.
[2026-02-13 14:53:34] [INFO] [Hardware] Pinging Bill Validator...
[2026-02-13 14:53:35] [INFO] Bill Validator ACK received.
[2026-02-13 14:53:44] [INFO] [Hardware] Pinging Bill Validator...
[2026-02-13 14:53:45] [INFO] Bill Validator ACK received.
[2026-02-13 14:53:54] [INFO] [Hardware] Pinging Bill Validator...
[2026-02-13 14:53:55] [INFO] Bill Validator ACK received.
[2026-02-13 14:54:04] [INFO] [Hardware] Pinging Bill Validator...
[2026-02-13 14:54:05] [INFO] Bill Validator ACK received.
[2026-02-13 15:07:21] [INFO] Configuration loaded.
[2026-02-13 15:07:21] [INFO] Bill Validator Service Started.
[2026-02-13 15:07:21] [INFO] EGM Core Module Ready. Type 'help' for commands.
[2026-02-13 15:07:21] [INFO] [Hardware] Pinging Bill Validator...
[2026-02-13 15:07:21] [INFO] Bill Validator ACK received.
[2026-02-13 15:07:31] [INFO] [Hardware] Pinging Bill Validator...
[2026-02-13 15:07:31] [INFO] Bill Validator ACK received.
[2026-02-13 15:07:33] [INFO] [CLI] Command received: update --package "E:\EGM.Core\Data\update_pkg_1.1.6.txt"
[2026-02-13 15:07:33] [INFO] [Update] Starting installation for: "E:\EGM.Core\Data\update_pkg_1.1.6.txt"
[2026-02-13 15:07:33] [INFO] State Changed: IDLE -> UPDATING | Reason: User initiated update
[2026-02-13 15:07:33] [ERROR] [Update] Validation failed: Package file: "E:\EGM.Core\Data\update_pkg_1.1.6.txt", does not exist.
[2026-02-13 15:07:33] [INFO] State Changed: UPDATING -> IDLE | Reason: Update validation failed
[2026-02-13 15:07:41] [INFO] [Hardware] Pinging Bill Validator...
[2026-02-13 15:08:15] [INFO] Configuration loaded.
[2026-02-13 15:08:15] [INFO] Bill Validator Service Started.
[2026-02-13 15:08:15] [INFO] EGM Core Module Ready. Type 'help' for commands.
[2026-02-13 15:08:15] [INFO] [Hardware] Pinging Bill Validator...
[2026-02-13 15:08:16] [INFO] Bill Validator ACK received.
[2026-02-13 15:08:17] [INFO] [CLI] Command received: update --package "E:\EGM.Core\Data\update_pkg_1.1.6.txt"
[2026-02-13 15:08:17] [INFO] [Update] Starting installation for: E:\EGM.Core\Data\update_pkg_1.1.6.txt
[2026-02-13 15:08:17] [INFO] State Changed: IDLE -> UPDATING | Reason: User initiated update
[2026-02-13 15:08:17] [INFO] [Update] Package validated. Target version: 1.1.6
[2026-02-13 15:08:17] [INFO] [Update] Running pre-install script...
[2026-02-13 15:08:19] [INFO] Configuration saved.
[2026-02-13 15:08:19] [INFO] [Update] Installation successful. Active version: 1.1.6
[2026-02-13 15:08:19] [INFO] State Changed: UPDATING -> IDLE | Reason: Update completed successfully
[2026-02-13 15:08:25] [INFO] [Hardware] Pinging Bill Validator...
[2026-02-13 15:08:26] [INFO] Bill Validator ACK received.
[2026-02-13 15:08:35] [INFO] [Hardware] Pinging Bill Validator...
[2026-02-13 15:08:36] [INFO] Bill Validator ACK received.
[2026-02-13 15:08:38] [INFO] [CLI] Command received: status
[2026-02-13 15:13:30] [INFO] Configuration loaded.
[2026-02-13 15:13:30] [INFO] Bill Validator Service Started.
[2026-02-13 15:13:30] [INFO] EGM Core Module Ready. Type 'help' for commands.
[2026-02-13 15:13:30] [INFO] [Hardware] Pinging Bill Validator...
[2026-02-13 15:13:31] [INFO] Bill Validator ACK received.
[2026-02-13 15:13:40] [INFO] [Hardware] Pinging Bill Validator...
[2026-02-13 15:13:41] [INFO] Bill Validator ACK received.
[2026-02-13 15:13:50] [INFO] [Hardware] Pinging Bill Validator...
[2026-02-13 15:13:50] [INFO] [CLI] Command received: signal door_open
[2026-02-13 15:13:50] [WARNING] Door opened – entering maintenance mode.
[2026-02-13 15:13:50] [WARNING] [FORCE] Forcing state to MAINTENANCE. Reason: Door opened
[2026-02-13 15:13:50] [INFO] State Changed: IDLE -> MAINTENANCE | Reason: Door opened
[2026-02-13 15:13:51] [INFO] Bill Validator ACK received.
[2026-02-13 15:22:36] [INFO] Configuration loaded.
[2026-02-13 15:22:36] [INFO] Bill Validator Service Started.
[2026-02-13 15:22:36] [INFO] EGM Core Module Ready. Type 'help' for commands.
[2026-02-13 15:22:36] [INFO] [Hardware] Pinging Bill Validator...
[2026-02-13 15:22:36] [INFO] Bill Validator ACK received.
[2026-02-13 15:22:45] [INFO] [CLI] Command received: status
[2026-02-13 15:22:46] [INFO] [Hardware] Pinging Bill Validator...
[2026-02-13 15:22:46] [INFO] Bill Validator ACK received.
[2026-02-13 15:22:54] [INFO] [CLI] Command received: help
[2026-02-13 15:22:56] [INFO] [Hardware] Pinging Bill Validator...
[2026-02-13 15:22:56] [INFO] Bill Validator ACK received.
[2026-02-13 15:23:06] [INFO] [Hardware] Pinging Bill Validator...
[2026-02-13 15:23:06] [INFO] Bill Validator ACK received.
[2026-02-13 15:23:16] [INFO] [Hardware] Pinging Bill Validator...
[2026-02-13 15:23:16] [INFO] Bill Validator ACK received.
[2026-02-13 15:23:26] [INFO] [Hardware] Pinging Bill Validator...
[2026-02-13 15:23:26] [INFO] Bill Validator ACK received.
[2026-02-13 15:23:31] [INFO] [CLI] Command received: start_game
[2026-02-13 15:23:31] [INFO] State Changed: IDLE -> RUNNING | Reason: Operator started game
[2026-02-13 15:23:36] [INFO] [Hardware] Pinging Bill Validator...
[2026-02-13 15:23:36] [INFO] Bill Validator ACK received.
[2026-02-13 15:23:42] [INFO] [CLI] Command received: stop_game
[2026-02-13 15:23:42] [INFO] State Changed: RUNNING -> IDLE | Reason: Operator stopped game
[2026-02-13 15:23:46] [INFO] [Hardware] Pinging Bill Validator...
[2026-02-13 15:23:46] [INFO] Bill Validator ACK received.
[2026-02-13 15:23:56] [INFO] [Hardware] Pinging Bill Validator...
[2026-02-13 15:23:56] [INFO] Bill Validator ACK received.
[2026-02-13 16:02:07] [INFO] Configuration loaded.
[2026-02-13 16:02:07] [INFO] Bill Validator Service Started.
[2026-02-13 16:02:07] [INFO] EGM Core Module Ready. Type 'help' for commands.
[2026-02-13 16:02:07] [INFO] [Hardware] Pinging Bill Validator...
[2026-02-13 16:02:08] [INFO] Bill Validator ACK received.
[2026-02-13 16:02:10] [INFO] [CLI] Command received: status
[2026-02-13 16:02:17] [INFO] [Hardware] Pinging Bill Validator...
[2026-02-13 16:02:18] [INFO] Bill Validator ACK received.
[2026-02-13 16:02:27] [INFO] [Hardware] Pinging Bill Validator...
[2026-02-13 16:02:28] [INFO] Bill Validator ACK received.
[2026-02-13 16:02:32] [INFO] [CLI] Command received: help
[2026-02-13 16:02:33] [INFO] [CLI] Command received: hga
[2026-02-13 16:02:37] [INFO] [Hardware] Pinging Bill Validator...
[2026-02-13 16:02:38] [INFO] Bill Validator ACK received.
[2026-02-13 16:02:39] [INFO] [CLI] Command received: stop
[2026-02-13 16:02:41] [INFO] [CLI] Command received: stop
[2026-02-13 16:02:45] [INFO] [CLI] Command received: start
[2026-02-13 16:02:47] [INFO] [Hardware] Pinging Bill Validator...
[2026-02-13 16:02:48] [INFO] Bill Validator ACK received.
[2026-02-13 16:02:52] [INFO] [CLI] Command received: start_game
[2026-02-13 16:02:52] [INFO] State Changed: IDLE -> RUNNING | Reason: Operator started game
[2026-02-13 16:02:55] [INFO] [CLI] Command received: stop_game
[2026-02-13 16:02:55] [INFO] State Changed: RUNNING -> IDLE | Reason: Operator stopped game
[2026-02-13 16:02:57] [INFO] [Hardware] Pinging Bill Validator...
[2026-02-13 16:02:58] [INFO] Bill Validator ACK received.
[2026-02-13 16:27:32] [INFO] Configuration loaded.
[2026-02-13 16:27:32] [INFO] Bill Validator Service Started.
[2026-02-13 16:27:32] [INFO] EGM Core Module Ready. Type 'help' for commands.
[2026-02-13 16:27:32] [INFO] [Hardware] Pinging Bill Validator...
[2026-02-13 16:27:33] [INFO] Bill Validator ACK received.
[2026-02-13 17:17:28] [INFO] Configuration loaded.
[2026-02-13 17:17:28] [INFO] Bill Validator Service Started.
[2026-02-13 17:17:28] [INFO] EGM Core Module Ready. Type 'help' for commands.
[2026-02-13 17:17:28] [INFO] [Hardware] Pinging Bill Validator...
[2026-02-13 17:17:28] [INFO] Bill Validator ACK received.
[2026-02-13 17:17:30] [INFO] [CLI] Command received: status
[2026-02-13 17:17:38] [INFO] [Hardware] Pinging Bill Validator...
[2026-02-13 17:17:38] [INFO] Bill Validator ACK received.
[2026-02-13 17:21:34] [INFO] Configuration loaded.
[2026-02-13 17:21:34] [INFO] Bill Validator Service Started.
[2026-02-13 17:21:34] [INFO] EGM Core Module Ready. Type 'help' for commands.
[2026-02-13 17:21:34] [INFO] [Hardware] Pinging Bill Validator...
[2026-02-13 17:21:35] [INFO] Bill Validator ACK received.
[2026-02-13 17:21:39] [INFO] [CLI] Command received: start_game
[2026-02-13 17:21:39] [INFO] State Changed: IDLE -> RUNNING | Reason: Operator started game
[2026-02-13 17:21:44] [INFO] [Hardware] Pinging Bill Validator...
[2026-02-13 17:21:45] [INFO] Bill Validator ACK received.
[2026-02-13 17:21:54] [INFO] [Hardware] Pinging Bill Validator...
[2026-02-13 17:21:55] [INFO] Bill Validator ACK received.
[2026-02-13 17:22:04] [INFO] [Hardware] Pinging Bill Validator...
[2026-02-13 17:22:05] [INFO] Bill Validator ACK received.
[2026-02-13 17:22:14] [INFO] [Hardware] Pinging Bill Validator...
[2026-02-13 17:22:15] [INFO] Bill Validator ACK received.
[2026-02-13 17:22:24] [INFO] [Hardware] Pinging Bill Validator...
[2026-02-13 17:22:25] [INFO] Bill Validator ACK received.
[2026-02-13 17:22:34] [INFO] [Hardware] Pinging Bill Validator...
[2026-02-13 17:22:35] [INFO] Bill Validator ACK received.
[2026-02-13 17:22:44] [INFO] [Hardware] Pinging Bill Validator...
[2026-02-13 17:22:45] [INFO] Bill Validator ACK received.
[2026-02-13 17:22:54] [INFO] [Hardware] Pinging Bill Validator...
[2026-02-13 17:22:55] [INFO] Bill Validator ACK received.
[2026-02-13 17:23:04] [INFO] [Hardware] Pinging Bill Validator...
[2026-02-13 17:23:05] [INFO] Bill Validator ACK received.
[2026-02-13 17:23:14] [INFO] [Hardware] Pinging Bill Validator...
[2026-02-13 17:23:15] [INFO] Bill Validator ACK received.
[2026-02-13 17:23:24] [INFO] [Hardware] Pinging Bill Validator...
[2026-02-13 17:23:25] [INFO] Bill Validator ACK received.
[2026-02-13 17:23:34] [INFO] [Hardware] Pinging Bill Validator...
[2026-02-13 17:23:35] [INFO] Bill Validator ACK received.
[2026-02-13 17:23:44] [INFO] [Hardware] Pinging Bill Validator...
[2026-02-13 17:23:45] [INFO] Bill Validator ACK received.
[2026-02-13 17:23:54] [INFO] [Hardware] Pinging Bill Validator...
[2026-02-13 17:23:55] [INFO] Bill Validator ACK received.
[2026-02-13 17:24:04] [INFO] [Hardware] Pinging Bill Validator...
[2026-02-13 17:24:05] [INFO] Bill Validator ACK received.
[2026-02-13 17:24:14] [INFO] [Hardware] Pinging Bill Validator...
[2026-02-13 17:24:15] [INFO] Bill Validator ACK received.
[2026-02-13 17:24:15] [INFO] [CLI] Command received: signal door_open
[2026-02-13 17:24:15] [WARNING] Door opened – entering maintenance mode.
[2026-02-13 17:24:15] [WARNING] [FORCE] Forcing state to MAINTENANCE. Reason: Door opened
[2026-02-13 17:24:15] [INFO] State Changed: RUNNING -> MAINTENANCE | Reason: Door opened
[2026-02-13 17:24:24] [INFO] [Hardware] Pinging Bill Validator...
[2026-02-13 17:24:25] [INFO] Bill Validator ACK received.
[2026-02-13 17:24:34] [INFO] [Hardware] Pinging Bill Validator...
[2026-02-13 17:24:35] [INFO] Bill Validator ACK received.
[2026-02-13 17:24:44] [INFO] [Hardware] Pinging Bill Validator...
[2026-02-13 17:24:45] [INFO] Bill Validator ACK received.
[2026-02-13 17:24:54] [INFO] [Hardware] Pinging Bill Validator...
[2026-02-13 17:24:55] [INFO] Bill Validator ACK received.
[2026-02-13 17:25:04] [INFO] [Hardware] Pinging Bill Validator...
[2026-02-13 17:25:05] [INFO] Bill Validator ACK received.
[2026-02-13 17:25:12] [INFO] [CLI] Command received: stop_game
[2026-02-13 17:25:12] [INFO] State Changed: MAINTENANCE -> IDLE | Reason: Operator stopped game
[2026-02-13 17:25:14] [INFO] [Hardware] Pinging Bill Validator...
[2026-02-13 17:25:15] [INFO] Bill Validator ACK received.
[2026-02-13 17:25:23] [INFO] [CLI] Command received: status
[2026-02-13 17:25:24] [INFO] [Hardware] Pinging Bill Validator...
[2026-02-13 17:25:25] [INFO] Bill Validator ACK received.
[2026-02-13 17:25:34] [INFO] [Hardware] Pinging Bill Validator...
[2026-02-13 17:25:35] [INFO] Bill Validator ACK received.
[2026-02-13 17:25:44] [INFO] [Hardware] Pinging Bill Validator...
[2026-02-13 17:25:45] [INFO] Bill Validator ACK received.
[2026-02-13 17:25:54] [INFO] [Hardware] Pinging Bill Validator...
[2026-02-13 17:25:55] [INFO] Bill Validator ACK received.
[2026-02-13 17:26:01] [INFO] [CLI] Command received: stop_game
[2026-02-13 17:26:01] [WARNING] Transition ignored: Already in IDLE.
[2026-02-13 17:26:04] [INFO] [Hardware] Pinging Bill Validator...
[2026-02-13 17:26:05] [INFO] Bill Validator ACK received.
[2026-02-13 17:26:06] [INFO] [CLI] Command received: signal door_open
[2026-02-13 17:26:06] [WARNING] Door opened – entering maintenance mode.
[2026-02-13 17:26:06] [WARNING] [FORCE] Forcing state to MAINTENANCE. Reason: Door opened
[2026-02-13 17:26:06] [INFO] State Changed: IDLE -> MAINTENANCE | Reason: Door opened
[2026-02-13 17:26:09] [INFO] [CLI] Command received: status
[2026-02-13 17:26:14] [INFO] [Hardware] Pinging Bill Validator...
[2026-02-13 17:26:15] [INFO] Bill Validator ACK received.
[2026-02-13 17:26:17] [INFO] [CLI] Command received: stop_game
[2026-02-13 17:26:17] [INFO] State Changed: MAINTENANCE -> IDLE | Reason: Operator stopped game
[2026-02-13 17:26:24] [INFO] [Hardware] Pinging Bill Validator...
[2026-02-13 17:26:25] [INFO] Bill Validator ACK received.
[2026-02-13 17:26:34] [INFO] [Hardware] Pinging Bill Validator...
[2026-02-13 17:26:35] [INFO] Bill Validator ACK received.
[2026-02-13 17:26:44] [INFO] [Hardware] Pinging Bill Validator...
[2026-02-13 17:26:45] [INFO] Bill Validator ACK received.
[2026-02-13 17:26:54] [INFO] [Hardware] Pinging Bill Validator...
[2026-02-13 17:26:55] [INFO] Bill Validator ACK received.
[2026-02-13 17:27:04] [INFO] [Hardware] Pinging Bill Validator...
[2026-02-13 17:27:05] [INFO] Bill Validator ACK received.
[2026-02-13 17:27:14] [INFO] [Hardware] Pinging Bill Validator...
[2026-02-13 17:27:15] [INFO] Bill Validator ACK received.
[2026-02-13 17:27:24] [INFO] [Hardware] Pinging Bill Validator...
[2026-02-13 17:27:25] [INFO] Bill Validator ACK received.
[2026-02-13 17:27:34] [INFO] [Hardware] Pinging Bill Validator...
[2026-02-13 17:27:35] [INFO] Bill Validator ACK received.
[2026-02-13 17:27:44] [INFO] [Hardware] Pinging Bill Validator...
[2026-02-13 17:27:45] [INFO] Bill Validator ACK received.
[2026-02-13 17:27:54] [INFO] [Hardware] Pinging Bill Validator...
[2026-02-13 17:27:55] [INFO] Bill Validator ACK received.
[2026-02-13 17:28:04] [INFO] [Hardware] Pinging Bill Validator...
[2026-02-13 17:28:05] [INFO] Bill Validator ACK received.
[2026-02-13 17:28:14] [INFO] [Hardware] Pinging Bill Validator...
[2026-02-13 17:28:15] [INFO] Bill Validator ACK received.
[2026-02-13 17:28:24] [INFO] [Hardware] Pinging Bill Validator...
[2026-02-13 17:28:25] [INFO] Bill Validator ACK received.
[2026-02-13 17:28:34] [INFO] [Hardware] Pinging Bill Validator...
[2026-02-13 17:28:35] [INFO] Bill Validator ACK received.
[2026-02-13 17:28:44] [INFO] [Hardware] Pinging Bill Validator...
[2026-02-13 17:28:45] [INFO] Bill Validator ACK received.
[2026-02-13 17:28:54] [INFO] [Hardware] Pinging Bill Validator...
[2026-02-13 17:28:55] [INFO] Bill Validator ACK received.
[2026-02-13 17:29:04] [INFO] [Hardware] Pinging Bill Validator...
[2026-02-13 17:29:05] [INFO] Bill Validator ACK received.
[2026-02-13 17:29:14] [INFO] [Hardware] Pinging Bill Validator...
[2026-02-13 17:29:15] [INFO] Bill Validator ACK received.
[2026-02-13 17:29:24] [INFO] [Hardware] Pinging Bill Validator...
[2026-02-13 17:29:25] [INFO] Bill Validator ACK received.
[2026-02-13 17:29:34] [INFO] [Hardware] Pinging Bill Validator...
[2026-02-13 17:29:35] [INFO] Bill Validator ACK received.
[2026-02-13 17:29:44] [INFO] [Hardware] Pinging Bill Validator...
[2026-02-13 17:29:45] [INFO] Bill Validator ACK received.
[2026-02-13 17:29:54] [INFO] [Hardware] Pinging Bill Validator...
[2026-02-13 17:29:55] [INFO] Bill Validator ACK received.
[2026-02-13 17:30:04] [INFO] [Hardware] Pinging Bill Validator...
[2026-02-13 17:30:05] [INFO] Bill Validator ACK received.
[2026-02-13 17:30:14] [INFO] [Hardware] Pinging Bill Validator...
[2026-02-13 17:30:15] [INFO] Bill Validator ACK received.
[2026-02-13 17:30:24] [INFO] [Hardware] Pinging Bill Validator...
[2026-02-13 17:30:25] [INFO] Bill Validator ACK received.
[2026-02-13 17:30:34] [INFO] [Hardware] Pinging Bill Validator...
[2026-02-13 17:30:35] [INFO] Bill Validator ACK received.
[2026-02-13 17:30:44] [INFO] [Hardware] Pinging Bill Validator...
[2026-02-13 17:30:45] [INFO] Bill Validator ACK received.
[2026-02-13 17:30:48] [INFO] [CLI] Command received: set-timezone America
[2026-02-13 17:30:54] [INFO] [Hardware] Pinging Bill Validator...
[2026-02-13 17:30:55] [INFO] Bill Validator ACK received.
[2026-02-13 17:30:59] [INFO] [CLI] Command received: os set-timezone America
[2026-02-13 17:30:59] [ERROR] Timezone update failed: Invalid timezone.
[2026-02-13 17:31:04] [INFO] [Hardware] Pinging Bill Validator...
[2026-02-13 17:31:05] [INFO] Bill Validator ACK received.
[2026-02-13 17:31:14] [INFO] [Hardware] Pinging Bill Validator...
[2026-02-13 17:31:15] [INFO] Bill Validator ACK received.
[2026-02-13 17:31:24] [INFO] [Hardware] Pinging Bill Validator...
[2026-02-13 17:31:25] [INFO] Bill Validator ACK received.
[2026-02-13 17:31:34] [INFO] [Hardware] Pinging Bill Validator...
[2026-02-13 17:31:34] [INFO] [CLI] Command received: os set-timezone New_York
[2026-02-13 17:31:34] [ERROR] Timezone update failed: Invalid timezone.
[2026-02-13 17:31:35] [INFO] Bill Validator ACK received.
[2026-02-13 17:33:19] [INFO] Configuration loaded.
[2026-02-13 17:33:19] [INFO] Bill Validator Service Started.
[2026-02-13 17:33:19] [INFO] EGM Core Module Ready. Type 'help' for commands.
[2026-02-13 17:33:19] [INFO] [Hardware] Pinging Bill Validator...
[2026-02-13 17:33:20] [INFO] Bill Validator ACK received.
[2026-02-13 17:33:29] [INFO] [Hardware] Pinging Bill Validator...
[2026-02-13 17:33:30] [INFO] Bill Validator ACK received.
[2026-02-13 17:33:39] [INFO] [Hardware] Pinging Bill Validator...
[2026-02-13 17:33:40] [INFO] Bill Validator ACK received.
[2026-02-13 17:33:49] [INFO] [Hardware] Pinging Bill Validator...
[2026-02-13 17:33:50] [INFO] Bill Validator ACK received.
[2026-02-13 17:33:54] [INFO] [CLI] Command received: os set-timezone India Standard Time
[2026-02-13 17:33:54] [ERROR] Timezone update failed: Invalid timezone.
[2026-02-13 17:33:59] [INFO] [Hardware] Pinging Bill Validator...
[2026-02-13 17:34:00] [INFO] Bill Validator ACK received.
[2026-02-13 17:34:09] [INFO] [Hardware] Pinging Bill Validator...
[2026-02-13 17:34:10] [INFO] Bill Validator ACK received.
[2026-02-13 17:37:03] [INFO] Configuration loaded.
[2026-02-13 17:37:03] [INFO] Bill Validator Service Started.
[2026-02-13 17:37:03] [INFO] EGM Core Module Ready. Type 'help' for commands.
[2026-02-13 17:37:03] [INFO] [Hardware] Pinging Bill Validator...
[2026-02-13 17:37:03] [INFO] Bill Validator ACK received.
[2026-02-13 17:37:06] [INFO] [CLI] Command received: os set-timezone "India Standard Time"
[2026-02-13 17:37:06] [ERROR] Timezone update failed: Invalid timezone: "India
[2026-02-13 17:37:13] [INFO] [Hardware] Pinging Bill Validator...
[2026-02-13 17:37:13] [INFO] Bill Validator ACK received.
[2026-02-13 17:37:23] [INFO] [Hardware] Pinging Bill Validator...
[2026-02-13 17:37:23] [INFO] Bill Validator ACK received.
[2026-02-13 17:37:33] [INFO] [Hardware] Pinging Bill Validator...
[2026-02-13 17:37:33] [INFO] Bill Validator ACK received.
[2026-02-13 17:42:00] [INFO] Configuration loaded.
[2026-02-13 17:42:00] [INFO] Bill Validator Service Started.
[2026-02-13 17:42:00] [INFO] EGM Core Module Ready. Type 'help' for commands.
[2026-02-13 17:42:00] [INFO] [Hardware] Pinging Bill Validator...
[2026-02-13 17:42:00] [INFO] Bill Validator ACK received.
[2026-02-13 17:42:10] [INFO] [Hardware] Pinging Bill Validator...
[2026-02-13 17:42:10] [INFO] Bill Validator ACK received.
[2026-02-13 17:42:10] [INFO] [CLI] Command received: os set-timezone "India Standard Time"
[2026-02-13 17:42:11] [INFO] Configuration saved.
[2026-02-13 17:42:11] [AUDIT] User: Operator | Action: Set Timezone | Old: 'UTC' -> New: 'India Standard Time'
[2026-02-13 17:42:20] [INFO] [Hardware] Pinging Bill Validator...
[2026-02-13 17:42:20] [INFO] Bill Validator ACK received.
[2026-02-13 17:42:27] [INFO] [CLI] Command received: status
[2026-02-13 17:42:30] [INFO] [Hardware] Pinging Bill Validator...
[2026-02-13 17:42:30] [INFO] Bill Validator ACK received.
[2026-02-13 17:42:40] [INFO] [Hardware] Pinging Bill Validator...
[2026-02-13 17:42:40] [INFO] Bill Validator ACK received.
[2026-02-13 17:42:50] [INFO] [Hardware] Pinging Bill Validator...
[2026-02-13 17:42:50] [INFO] Bill Validator ACK received.
[2026-02-13 17:45:10] [INFO] Configuration loaded.
[2026-02-13 17:45:10] [INFO] Bill Validator Service Started.
[2026-02-13 17:45:10] [INFO] EGM Core Module Ready. Type 'help' for commands.
[2026-02-13 17:45:10] [INFO] [Hardware] Pinging Bill Validator...
[2026-02-13 17:45:10] [INFO] Bill Validator ACK received.
[2026-02-13 17:45:16] [INFO] [CLI] Command received: device bill_validator ack off
[2026-02-13 17:45:16] [WARNING] Bill Validator simulation set to: BROKEN (No ACKs)
[2026-02-13 17:45:20] [INFO] [Hardware] Pinging Bill Validator...
[2026-02-13 17:45:22] [ERROR] [Hardware] Bill Validator Timeout! No ACK received.
[2026-02-13 17:45:22] [WARNING] [FORCE] Forcing state to MAINTENANCE. Reason: Bill Validator Hardware Failure
[2026-02-13 17:45:22] [INFO] State Changed: IDLE -> MAINTENANCE | Reason: Bill Validator Hardware Failure
[2026-02-13 17:45:30] [INFO] [Hardware] Pinging Bill Validator...
[2026-02-13 17:45:32] [ERROR] [Hardware] Bill Validator Timeout! No ACK received.
[2026-02-13 17:45:40] [INFO] [Hardware] Pinging Bill Validator...
[2026-02-13 17:45:42] [ERROR] [Hardware] Bill Validator Timeout! No ACK received.
[2026-02-13 17:45:50] [INFO] [Hardware] Pinging Bill Validator...
[2026-02-13 17:45:52] [ERROR] [Hardware] Bill Validator Timeout! No ACK received.
[2026-02-13 17:47:00] [INFO] Configuration loaded.
[2026-02-13 17:47:00] [INFO] Bill Validator Service Started.
[2026-02-13 17:47:00] [INFO] EGM Core Module Ready. Type 'help' for commands.
[2026-02-13 17:47:00] [INFO] [Hardware] Pinging Bill Validator...
[2026-02-13 17:47:00] [INFO] Bill Validator ACK received.
[2026-02-13 17:47:07] [INFO] [CLI] Command received: device bill_validator ack off
[2026-02-13 17:47:07] [WARNING] Bill Validator simulation set to: BROKEN (No ACKs)
[2026-02-13 17:47:10] [INFO] [Hardware] Pinging Bill Validator...
[2026-02-13 17:47:12] [ERROR] [Hardware] Bill Validator Timeout! No ACK received.
[2026-02-13 17:47:12] [WARNING] [FORCE] Forcing state to MAINTENANCE. Reason: Bill Validator Hardware Failure
[2026-02-13 17:47:12] [INFO] State Changed: IDLE -> MAINTENANCE | Reason: Bill Validator Hardware Failure
[2026-02-13 17:47:20] [INFO] [Hardware] Pinging Bill Validator...
[2026-02-13 17:47:22] [ERROR] [Hardware] Bill Validator Timeout! No ACK received.
[2026-02-13 17:47:25] [INFO] [CLI] Command received: device bill_validator ack on
[2026-02-13 17:47:25] [WARNING] Bill Validator simulation set to: WORKING
[2026-02-13 17:47:30] [INFO] [Hardware] Pinging Bill Validator...
[2026-02-13 17:47:30] [INFO] Bill Validator ACK received.
[2026-02-13 17:47:31] [INFO] [CLI] Command received: status
[2026-02-13 17:47:35] [INFO] [CLI] Command received: stop_game
[2026-02-13 17:47:35] [INFO] State Changed: MAINTENANCE -> IDLE | Reason: Operator stopped game
[2026-02-13 17:51:56] [INFO] Configuration loaded.
[2026-02-13 17:51:56] [INFO] Bill Validator Service Started.
[2026-02-13 17:51:56] [INFO] EGM Core Module Ready. Type 'help' for commands.
[2026-02-13 17:51:56] [INFO] [Hardware] Pinging Bill Validator...
[2026-02-13 17:51:56] [INFO] Bill Validator ACK received.
[2026-02-13 17:52:06] [INFO] [Hardware] Pinging Bill Validator...
[2026-02-13 17:52:06] [INFO] Bill Validator ACK received.
[2026-02-13 17:52:08] [INFO] [CLI] Command received: vdevice bill_validator ack off
[2026-02-13 17:52:12] [INFO] [CLI] Command received: vdevice bill_validator ack off
[2026-02-13 17:52:16] [INFO] [Hardware] Pinging Bill Validator...
[2026-02-13 17:52:16] [INFO] Bill Validator ACK received.
[2026-02-13 17:52:22] [INFO] [CLI] Command received: device bill_validator ack off
[2026-02-13 17:52:22] [WARNING] Bill Validator simulation set to: BROKEN (No ACKs)
[2026-02-13 17:52:26] [INFO] [Hardware] Pinging Bill Validator...
[2026-02-13 17:52:28] [ERROR] [Hardware] Bill Validator Timeout! No ACK received.
[2026-02-13 17:52:28] [WARNING] [FORCE] Forcing state to MAINTENANCE. Reason: Bill Validator Hardware Failure
[2026-02-13 17:52:28] [INFO] State Changed: IDLE -> MAINTENANCE | Reason: Bill Validator Hardware Failure
[2026-02-13 17:52:36] [INFO] [Hardware] Pinging Bill Validator...
[2026-02-13 17:52:38] [ERROR] [Hardware] Bill Validator Timeout! No ACK received.
[2026-02-13 17:52:41] [INFO] [CLI] Command received: device bill_validator ack on
[2026-02-13 17:52:41] [WARNING] Bill Validator simulation set to: WORKING
[2026-02-13 17:52:46] [INFO] [Hardware] Pinging Bill Validator...
[2026-02-13 17:52:46] [INFO] Bill Validator ACK received.
[2026-02-13 17:52:56] [INFO] [Hardware] Pinging Bill Validator...
[2026-02-13 17:52:56] [INFO] Bill Validator ACK received.
[2026-02-13 17:53:06] [INFO] [Hardware] Pinging Bill Validator...
[2026-02-13 17:53:06] [INFO] Bill Validator ACK received.
[2026-02-13 17:53:16] [INFO] [Hardware] Pinging Bill Validator...
[2026-02-13 17:53:16] [INFO] Bill Validator ACK received.
[2026-02-13 17:53:26] [INFO] [Hardware] Pinging Bill Validator...
[2026-02-13 17:53:26] [INFO] Bill Validator ACK received.
[2026-02-13 17:53:36] [INFO] [Hardware] Pinging Bill Validator...
[2026-02-13 17:53:36] [INFO] Bill Validator ACK received.
[2026-02-13 17:53:40] [INFO] [CLI] Command received: vdevice bill_validator ack off
[2026-02-13 17:53:44] [INFO] [CLI] Command received: device bill_validator ack off
[2026-02-13 17:53:44] [WARNING] Bill Validator simulation set to: BROKEN (No ACKs)
[2026-02-13 17:53:46] [INFO] [Hardware] Pinging Bill Validator...
[2026-02-13 17:53:48] [ERROR] [Hardware] Bill Validator Timeout! No ACK received.
[2026-02-13 17:53:56] [INFO] [Hardware] Pinging Bill Validator...
[2026-02-13 17:53:58] [ERROR] [Hardware] Bill Validator Timeout! No ACK received.
[2026-02-13 17:54:06] [INFO] [Hardware] Pinging Bill Validator...
[2026-02-13 17:54:08] [ERROR] [Hardware] Bill Validator Timeout! No ACK received.
[2026-02-13 17:54:15] [INFO] Configuration loaded.
[2026-02-13 17:54:15] [INFO] Bill Validator Service Started.
[2026-02-13 17:54:15] [INFO] EGM Core Module Ready. Type 'help' for commands.
[2026-02-13 17:54:15] [INFO] [Hardware] Pinging Bill Validator...
[2026-02-13 17:54:16] [INFO] Bill Validator ACK received.
[2026-02-13 17:54:25] [INFO] [Hardware] Pinging Bill Validator...
[2026-02-13 17:54:26] [INFO] Bill Validator ACK received.
[2026-02-13 17:54:35] [INFO] [Hardware] Pinging Bill Validator...
[2026-02-13 17:54:36] [INFO] Bill Validator ACK received.
[2026-02-13 17:54:37] [INFO] [CLI] Command received: device bill_validator ack off
[2026-02-13 17:54:37] [WARNING] Bill Validator simulation set to: BROKEN (No ACKs)
[2026-02-13 17:54:45] [INFO] [Hardware] Pinging Bill Validator...
[2026-02-13 17:54:47] [ERROR] [Hardware] Bill Validator Timeout! No ACK received.
[2026-02-13 17:54:47] [WARNING] [FORCE] Forcing state to MAINTENANCE. Reason: Bill Validator Hardware Failure
[2026-02-13 17:54:47] [INFO] State Changed: IDLE -> MAINTENANCE | Reason: Bill Validator Hardware Failure
[2026-02-13 17:54:55] [INFO] [Hardware] Pinging Bill Validator...
[2026-02-13 17:54:57] [ERROR] [Hardware] Bill Validator Timeout! No ACK received.
[2026-02-13 17:55:05] [INFO] [Hardware] Pinging Bill Validator...
[2026-02-13 17:55:13] [INFO] Configuration loaded.
[2026-02-13 17:55:13] [INFO] Bill Validator Service Started.
[2026-02-13 17:55:13] [INFO] EGM Core Module Ready. Type 'help' for commands.
[2026-02-13 17:55:13] [INFO] [Hardware] Pinging Bill Validator...
[2026-02-13 17:55:13] [INFO] Bill Validator ACK received.
[2026-02-13 17:55:16] [INFO] [CLI] Command received: device bill_validator ack off
[2026-02-13 17:55:16] [WARNING] Bill Validator simulation set to: BROKEN (No ACKs)
[2026-02-13 17:55:23] [INFO] [Hardware] Pinging Bill Validator...
[2026-02-13 17:55:25] [ERROR] [Hardware] Bill Validator Timeout! No ACK received.
[2026-02-13 17:55:25] [WARNING] [FORCE] Forcing state to MAINTENANCE. Reason: Bill Validator Hardware Failure
[2026-02-13 17:55:25] [INFO] State Changed: IDLE -> MAINTENANCE | Reason: Bill Validator Hardware Failure
[2026-02-13 17:55:33] [INFO] [Hardware] Pinging Bill Validator...
[2026-02-13 17:55:35] [ERROR] [Hardware] Bill Validator Timeout! No ACK received.
[2026-02-13 17:55:43] [INFO] [Hardware] Pinging Bill Validator...
[2026-02-13 17:55:45] [ERROR] [Hardware] Bill Validator Timeout! No ACK received.
[2026-02-13 17:55:48] [INFO] [CLI] Command received: device bill_validator ack on
[2026-02-13 17:55:48] [WARNING] Bill Validator simulation set to: WORKING
[2026-02-13 17:55:53] [INFO] [Hardware] Pinging Bill Validator...
[2026-02-13 17:55:53] [INFO] Bill Validator ACK received.
[2026-02-13 17:56:03] [INFO] [Hardware] Pinging Bill Validator...
[2026-02-13 17:56:03] [INFO] [CLI] Command received: stop_game
[2026-02-13 17:56:03] [INFO] State Changed: MAINTENANCE -> IDLE | Reason: Operator stopped game
[2026-02-13 17:56:03] [INFO] Bill Validator ACK received.
[2026-02-13 17:56:13] [INFO] [Hardware] Pinging Bill Validator...
[2026-02-13 17:56:13] [INFO] Bill Validator ACK received.
[2026-02-13 17:56:22] [INFO] Configuration loaded.
[2026-02-13 17:56:22] [INFO] Bill Validator Service Started.
[2026-02-13 17:56:22] [INFO] EGM Core Module Ready. Type 'help' for commands.
[2026-02-13 17:56:22] [INFO] [Hardware] Pinging Bill Validator...
[2026-02-13 17:56:22] [INFO] Bill Validator ACK received.
[2026-02-13 17:56:32] [INFO] [Hardware] Pinging Bill Validator...
[2026-02-13 17:56:32] [INFO] Bill Validator ACK received.
[2026-02-13 17:56:42] [INFO] [Hardware] Pinging Bill Validator...
[2026-02-13 17:56:42] [INFO] Bill Validator ACK received.
[2026-02-13 17:56:52] [INFO] [Hardware] Pinging Bill Validator...
[2026-02-13 17:56:52] [INFO] Bill Validator ACK received.
[2026-02-13 17:57:00] [INFO] [CLI] Command received: device bill_validator ack off
[2026-02-13 17:57:00] [WARNING] Bill Validator simulation set to: BROKEN (No ACKs)
[2026-02-13 17:57:02] [INFO] [Hardware] Pinging Bill Validator...
[2026-02-13 17:57:04] [ERROR] [Hardware] Bill Validator Timeout! No ACK received.
[2026-02-13 17:57:04] [WARNING] [FORCE] Forcing state to MAINTENANCE. Reason: Bill Validator Hardware Failure
[2026-02-13 17:57:04] [INFO] State Changed: IDLE -> MAINTENANCE | Reason: Bill Validator Hardware Failure
[2026-02-13 17:57:06] [INFO] Configuration loaded.
[2026-02-13 17:57:06] [INFO] Bill Validator Service Started.
[2026-02-13 17:57:06] [INFO] EGM Core Module Ready. Type 'help' for commands.
[2026-02-13 17:57:06] [INFO] [Hardware] Pinging Bill Validator...
[2026-02-13 17:57:07] [INFO] Bill Validator ACK received.
[2026-02-13 17:57:10] [INFO] [CLI] Command received: device bill_validator ack off
[2026-02-13 17:57:10] [WARNING] Bill Validator simulation set to: BROKEN (No ACKs)
[2026-02-13 17:57:16] [INFO] [Hardware] Pinging Bill Validator...
[2026-02-13 17:57:18] [ERROR] [Hardware] Bill Validator Timeout! No ACK received.
[2026-02-13 17:57:18] [WARNING] [FORCE] Forcing state to MAINTENANCE. Reason: Bill Validator Hardware Failure
[2026-02-13 17:57:18] [INFO] State Changed: IDLE -> MAINTENANCE | Reason: Bill Validator Hardware Failure
[2026-02-13 17:57:26] [INFO] [Hardware] Pinging Bill Validator...
[2026-02-13 17:57:28] [ERROR] [Hardware] Bill Validator Timeout! No ACK received.
[2026-02-13 17:57:32] [INFO] [CLI] Command received: device bill_validator ack on
[2026-02-13 17:57:32] [WARNING] Bill Validator simulation set to: WORKING
[2026-02-13 17:57:35] [INFO] [CLI] Command received: status
[2026-02-13 17:57:36] [INFO] [Hardware] Pinging Bill Validator...
[2026-02-13 17:57:37] [INFO] Bill Validator ACK received.
[2026-02-13 18:04:32] [INFO] Configuration loaded.
[2026-02-13 18:04:32] [INFO] Bill Validator Service Started.
[2026-02-13 18:04:32] [INFO] EGM Core Module Ready. Type 'help' for commands.
[2026-02-13 18:04:32] [INFO] [Hardware] Pinging Bill Validator...
[2026-02-13 18:04:33] [INFO] Bill Validator ACK received.
[2026-02-13 18:04:41] [INFO] [CLI] Command received: os set-timezone "India Standard Time"/"Eastern Standard Time"
[2026-02-13 18:04:41] [ERROR] Timezone update failed: Invalid timezone: India Standard Time"/"Eastern Standard Time
[2026-02-13 18:04:42] [INFO] [Hardware] Pinging Bill Validator...
[2026-02-13 18:04:43] [INFO] Bill Validator ACK received.
[2026-02-13 18:04:49] [INFO] [CLI] Command received: os set-timezone "India Standard Time"
[2026-02-13 18:04:50] [INFO] Configuration saved.
[2026-02-13 18:04:50] [AUDIT] User: Operator | Action: Set Timezone | Old: 'UTC' -> New: 'India Standard Time'
[2026-02-13 18:04:52] [INFO] [Hardware] Pinging Bill Validator...
[2026-02-13 18:04:53] [INFO] Bill Validator ACK received.
[2026-02-13 18:09:26] [INFO] Configuration loaded.
[2026-02-13 18:09:26] [INFO] Bill Validator Service Started.
[2026-02-13 18:09:26] [INFO] EGM Core Module Ready. Type 'help' for commands.
[2026-02-13 18:09:26] [INFO] [Hardware] Pinging Bill Validator...
[2026-02-13 18:09:27] [INFO] Bill Validator ACK received.
[2026-02-13 18:09:29] [INFO] [CLI] Command received: "E:\EGM.Core\Data\update_pkg_1.1.7.txt"
[2026-02-13 18:09:36] [INFO] [CLI] Command received: update-package "E:\EGM.Core\Data\update_pkg_1.1.7.txt"
[2026-02-13 18:09:36] [INFO] [Hardware] Pinging Bill Validator...
[2026-02-13 18:09:37] [INFO] Bill Validator ACK received.
[2026-02-13 18:09:46] [INFO] [Hardware] Pinging Bill Validator...
[2026-02-13 18:09:47] [INFO] Bill Validator ACK received.
[2026-02-13 18:09:53] [INFO] [CLI] Command received: update --package "E:\EGM.Core\Data\update_pkg_1.1.7.txt"
[2026-02-13 18:09:53] [INFO] [Update] Starting installation for: E:\EGM.Core\Data\update_pkg_1.1.7.txt
[2026-02-13 18:09:53] [INFO] State Changed: IDLE -> UPDATING | Reason: User initiated update
[2026-02-13 18:09:53] [INFO] [Update] Package validated. Target version: 1.1.7
[2026-02-13 18:09:53] [INFO] [Update] Running pre-install script...
[2026-02-13 18:09:54] [INFO] Configuration saved.
[2026-02-13 18:09:55] [INFO] [Update] Installation successful. Active version: 1.1.7
[2026-02-13 18:09:55] [INFO] State Changed: UPDATING -> IDLE | Reason: Update completed successfully
[2026-02-13 18:09:56] [INFO] [Hardware] Pinging Bill Validator...
[2026-02-13 18:09:57] [INFO] Bill Validator ACK received.
[2026-02-13 18:10:06] [INFO] [Hardware] Pinging Bill Validator...
[2026-02-13 18:10:07] [INFO] Bill Validator ACK received.
[2026-02-13 18:10:16] [INFO] [Hardware] Pinging Bill Validator...
[2026-02-13 18:10:17] [INFO] Bill Validator ACK received.
[2026-02-13 18:10:26] [INFO] [Hardware] Pinging Bill Validator...
[2026-02-13 18:10:27] [INFO] Bill Validator ACK received.
[2026-02-13 18:10:36] [INFO] [Hardware] Pinging Bill Validator...
[2026-02-13 18:10:37] [INFO] Bill Validator ACK received.
[2026-02-13 18:10:46] [INFO] [Hardware] Pinging Bill Validator...
[2026-02-13 18:10:47] [INFO] Bill Validator ACK received.
[2026-02-13 18:10:56] [INFO] [Hardware] Pinging Bill Validator...
[2026-02-13 18:10:57] [INFO] Bill Validator ACK received.
[2026-02-13 18:19:15] [INFO] Configuration loaded.
[2026-02-13 18:19:15] [INFO] Bill Validator Service Started.
[2026-02-13 18:19:15] [INFO] EGM Core Module Ready. Type 'help' for commands.
[2026-02-13 18:19:15] [INFO] [Hardware] Pinging Bill Validator...
[2026-02-13 18:19:16] [INFO] Bill Validator ACK received.
[2026-02-13 18:19:24] [INFO] Configuration loaded.
[2026-02-13 18:19:24] [INFO] Bill Validator Service Started.
[2026-02-13 18:19:24] [INFO] EGM Core Module Ready. Type 'help' for commands.
[2026-02-13 18:19:24] [INFO] [Hardware] Pinging Bill Validator...
[2026-02-13 18:19:25] [INFO] Bill Validator ACK received.
[2026-02-13 18:19:32] [INFO] [CLI] Command received: update --package "E:\EGM.Core\Data\update_bad_pkg_1.1.7.txt"
[2026-02-13 18:19:32] [INFO] [Update] Starting installation for: E:\EGM.Core\Data\update_bad_pkg_1.1.7.txt
[2026-02-13 18:19:32] [INFO] State Changed: IDLE -> UPDATING | Reason: User initiated update
[2026-02-13 18:19:32] [ERROR] [Update] Validation failed: Downgrade or same version not allowed.
[2026-02-13 18:19:32] [INFO] State Changed: UPDATING -> IDLE | Reason: Update validation failed
[2026-02-13 18:19:34] [INFO] [Hardware] Pinging Bill Validator...
[2026-02-13 18:19:35] [INFO] Bill Validator ACK received.
[2026-02-13 18:19:44] [INFO] [Hardware] Pinging Bill Validator...
[2026-02-13 18:19:45] [INFO] Bill Validator ACK received.
[2026-02-13 18:19:54] [INFO] [Hardware] Pinging Bill Validator...
[2026-02-13 18:19:55] [INFO] Bill Validator ACK received.
[2026-02-13 18:20:04] [INFO] [Hardware] Pinging Bill Validator...
[2026-02-13 18:20:05] [INFO] Bill Validator ACK received.
[2026-02-13 18:20:13] [INFO] [CLI] Command received: update --package "E:\EGM.Core\Data\update_bad_pkg_1.1.8.txt"
[2026-02-13 18:20:13] [INFO] [Update] Starting installation for: E:\EGM.Core\Data\update_bad_pkg_1.1.8.txt
[2026-02-13 18:20:13] [INFO] State Changed: IDLE -> UPDATING | Reason: User initiated update
[2026-02-13 18:20:13] [INFO] [Update] Package validated. Target version: 1.1.8
[2026-02-13 18:20:13] [INFO] [Update] Running pre-install script...
[2026-02-13 18:20:14] [ERROR] [Update] Installation failed: Pre-install script failed.
[2026-02-13 18:20:14] [WARNING] [Update] Rolling back to 1.1.7
[2026-02-13 18:20:14] [INFO] Configuration saved.
[2026-02-13 18:20:14] [INFO] State Changed: UPDATING -> IDLE | Reason: Rollback completed
[2026-02-13 18:20:14] [INFO] [Hardware] Pinging Bill Validator...
[2026-02-13 18:20:15] [INFO] Bill Validator ACK received.
[2026-02-13 18:20:22] [INFO] [CLI] Command received: status
[2026-02-13 18:20:24] [INFO] [Hardware] Pinging Bill Validator...
[2026-02-13 18:20:25] [INFO] Bill Validator ACK received.
[2026-02-13 18:28:42] [INFO] Configuration loaded.
[2026-02-13 18:28:42] [INFO] Bill Validator Service Started.
[2026-02-13 18:28:42] [INFO] [Hardware] Pinging Bill Validator...
[2026-02-13 18:28:42] [INFO] EGM Core Module Ready. Type 'help' for commands.
[2026-02-13 18:28:43] [INFO] Bill Validator ACK received.
[2026-02-13 18:28:46] [INFO] [CLI] Command received: start_game
[2026-02-13 18:28:46] [INFO] State Changed: IDLE -> RUNNING | Reason: Operator started game
[2026-02-13 18:29:46] [INFO] Configuration loaded.
[2026-02-13 18:29:46] [INFO] Bill Validator Service Started.
[2026-02-13 18:29:46] [INFO] EGM Core Module Ready. Type 'help' for commands.
[2026-02-13 18:29:46] [INFO] [Hardware] Pinging Bill Validator...
[2026-02-13 18:29:47] [INFO] Bill Validator ACK received.
[2026-02-13 18:29:49] [INFO] [CLI] Command received: signal door_open
[2026-02-13 18:29:49] [WARNING] Door opened – entering maintenance mode.
[2026-02-13 18:29:49] [WARNING] [FORCE] Forcing state to MAINTENANCE. Reason: Door opened
[2026-02-13 18:29:49] [INFO] State Changed: IDLE -> MAINTENANCE | Reason: Door opened
[2026-02-13 18:29:56] [INFO] [Hardware] Pinging Bill Validator...
[2026-02-13 18:29:57] [INFO] Bill Validator ACK received.
[2026-02-13 18:32:09] [INFO] Configuration loaded.
[2026-02-13 18:32:09] [INFO] Bill Validator Service Started.
[2026-02-13 18:32:09] [INFO] EGM Core Module Ready. Type 'help' for commands.
[2026-02-13 18:32:09] [INFO] [Hardware] Pinging Bill Validator...
[2026-02-13 18:32:09] [INFO] Bill Validator ACK received.
[2026-02-13 18:36:00] [INFO] Configuration loaded.
[2026-02-13 18:36:00] [INFO] Bill Validator Service Started.
[2026-02-13 18:36:00] [INFO] EGM Core Module Ready. Type 'help' for commands.
[2026-02-13 18:36:00] [INFO] [Hardware] Pinging Bill Validator...
[2026-02-13 18:36:00] [INFO] Bill Validator ACK received.
[2026-02-13 18:36:10] [INFO] [Hardware] Pinging Bill Validator...
[2026-02-13 18:36:10] [INFO] Bill Validator ACK received.
[2026-02-13 18:36:20] [INFO] [Hardware] Pinging Bill Validator...
[2026-02-13 18:36:20] [INFO] Bill Validator ACK received.
[2026-02-13 18:37:34] [INFO] Configuration loaded.
[2026-02-13 18:37:34] [INFO] Bill Validator Service Started.
[2026-02-13 18:37:34] [INFO] EGM Core Module Ready. Type 'help' for commands.
[2026-02-13 18:37:34] [INFO] [Hardware] Pinging Bill Validator...
[2026-02-13 18:37:35] [INFO] Bill Validator ACK received.
[2026-02-13 18:37:43] [INFO] [CLI] Command received: update --package "E:\EGM.Core\Logs\update_pkg_1.1.8.txt"
[2026-02-13 18:37:43] [INFO] [Update] Starting installation for: E:\EGM.Core\Logs\update_pkg_1.1.8.txt
[2026-02-13 18:37:43] [INFO] State Changed: IDLE -> UPDATING | Reason: User initiated update
[2026-02-13 18:37:43] [INFO] [Update] Package validated. Target version: 1.1.8
[2026-02-13 18:37:43] [INFO] [Update] Running pre-install script...
[2026-02-13 18:37:44] [INFO] Configuration saved.
[2026-02-13 18:37:44] [INFO] [Update] Installation successful. Active version: 1.1.8
[2026-02-13 18:37:44] [INFO] State Changed: UPDATING -> IDLE | Reason: Update completed successfully
[2026-02-13 18:37:44] [INFO] [Hardware] Pinging Bill Validator...
[2026-02-13 18:37:45] [INFO] Bill Validator ACK received.
[2026-02-13 18:37:47] [INFO] [CLI] Command received: status
[2026-08-03 13:34:26] [INFO] Configuration loaded.
[2026-08-03 13:34:26] [INFO] Bill Validator Service Started.
[2026-08-03 13:34:26] [INFO] EGM Core Module Ready. Type 'help' for commands.
[2026-08-03 13:34:26] [INFO] [Hardware] Pinging Bill Validator...
[2026-08-03 13:34:26] [INFO] Bill Validator ACK received.
[2026-08-03 13:34:36] [INFO] [Hardware] Pinging Bill Validator...
[2026-08-03 13:34:36] [INFO] Bill Validator ACK received.
[2026-08-03 13:34:46] [INFO] [Hardware] Pinging Bill Validator...
[2026-08-03 13:34:46] [INFO] Bill Validator ACK received.
[2026-08-03 13:34:56] [INFO] [Hardware] Pinging Bill Validator...
[2026-08-03 13:34:56] [INFO] Bill Validator ACK received.
[2026-08-03 13:35:06] [INFO] [Hardware] Pinging Bill Validator...
[2026-08-03 13:35:06] [INFO] Bill Validator ACK received.
[2026-08-03 13:35:16] [INFO] [Hardware] Pinging Bill Validator...
[2026-08-03 13:35:16] [INFO] Bill Validator ACK received.
[2026-08-03 13:35:26] [INFO] [Hardware] Pinging Bill Validator...
[2026-08-03 13:35:26] [INFO] Bill Validator ACK received.
[2026-08-03 13:35:29] [INFO] [CLI] Command received: status
[2026-08-03 13:35:36] [INFO] [Hardware] Pinging Bill Validator...
[2026-08-03 13:35:36] [INFO] Bill Validator ACK received.
[2026-08-03 13:35:41] [INFO] [CLI] Command received: start_game
[2026-08-03 13:35:41] [INFO] State Changed: IDLE -> RUNNING | Reason: Operator started game
[2026-08-03 13:35:46] [INFO] [Hardware] Pinging Bill Validator...
[2026-08-03 13:35:46] [INFO] Bill Validator ACK received.
[2026-08-03 13:35:50] [INFO] [CLI] Command received: signal door_open
[2026-08-03 13:35:50] [WARNING] Door opened – entering maintenance mode.
[2026-08-03 13:35:50] [WARNING] [FORCE] Forcing state to MAINTENANCE. Reason: Door opened
[2026-08-03 13:35:50] [INFO] State Changed: RUNNING -> MAINTENANCE | Reason: Door opened
[2026-08-03 13:35:56] [INFO] [Hardware] Pinging Bill Validator...
[2026-08-03 13:35:56] [INFO] Bill Validator ACK received.
[2026-08-03 13:36:02] [INFO] [CLI] Command received: stop_game
[2026-08-03 13:36:02] [INFO] State Changed: MAINTENANCE -> IDLE | Reason: Operator stopped game
[2026-08-03 13:36:06] [INFO] [Hardware] Pinging Bill Validator...
[2026-08-03 13:36:06] [INFO] Bill Validator ACK received.
[2026-08-03 13:36:16] [INFO] [Hardware] Pinging Bill Validator...
[2026-08-03 13:36:16] [INFO] Bill Validator ACK received.
[2026-08-03 13:36:26] [INFO] [Hardware] Pinging Bill Validator...
[2026-08-03 13:36:26] [INFO] Bill Validator ACK received.
[2026-08-03 13:36:27] [INFO] [CLI] Command received: os set-timezone "India Standard Time"/"Eastern Standard Time"device bill_validator ack off
[2026-08-03 13:36:27] [ERROR] Timezone update failed: Invalid timezone: India Standard Time"/"Eastern Standard Time"device bill_validator ack off
[2026-08-03 13:36:34] [INFO] [CLI] Command received: device bill_validator ack off
[2026-08-03 13:36:34] [WARNING] Bill Validator simulation set to: BROKEN (No ACKs)
[2026-08-03 13:36:36] [INFO] [Hardware] Pinging Bill Validator...
[2026-08-03 13:36:38] [ERROR] [Hardware] Bill Validator Timeout! No ACK received.
[2026-08-03 13:36:38] [WARNING] [FORCE] Forcing state to MAINTENANCE. Reason: Bill Validator Hardware Failure
[2026-08-03 13:36:38] [INFO] State Changed: IDLE -> MAINTENANCE | Reason: Bill Validator Hardware Failure
[2026-08-03 13:36:46] [INFO] [Hardware] Pinging Bill Validator...
[2026-08-03 13:36:48] [ERROR] [Hardware] Bill Validator Timeout! No ACK received.
[2026-08-03 13:36:56] [INFO] [Hardware] Pinging Bill Validator...
[2026-08-03 13:36:58] [ERROR] [Hardware] Bill Validator Timeout! No ACK received.
[2026-08-03 13:37:06] [INFO] [Hardware] Pinging Bill Validator...
[2026-08-03 13:37:08] [ERROR] [Hardware] Bill Validator Timeout! No ACK received.
[2026-08-05 18:47:04] [INFO] Configuration loaded.
[2026-08-05 18:47:04] [INFO] Bill Validator Service Started.
[2026-08-05 18:47:04] [INFO] EGM Core Module Ready. Type 'help' for commands.
[2026-08-05 18:47:04] [INFO] [Hardware] Pinging Bill Validator...
[2026-08-05 18:47:04] [INFO] [CLI] Command received: status
[2026-08-05 18:47:04] [INFO] [CLI] Command received: exit
[2026-08-05 18:47:04] [INFO] Shutting down system...
[2026-08-05 19:31:59] [INFO] Bill Validator Service Started.
[2026-08-05 19:31:59] [INFO] [Hardware] Pinging Bill Validator...
[2026-08-05 19:32:00] [INFO] Bill Validator ACK received.
[2026-08-05 19:32:09] [INFO] [Hardware] Pinging Bill Validator...
[2026-08-05 19:32:10] [INFO] Bill Validator ACK received.
[2026-08-05 19:32:19] [INFO] [Hardware] Pinging Bill Validator...
[2026-08-05 19:32:20] [INFO] Bill Validator ACK received.
[2026-08-05 19:32:29] [INFO] [Hardware] Pinging Bill Validator...
[2026-08-05 19:32:30] [INFO] Bill Validator ACK received.
[2026-08-05 19:32:37] [INFO] Configuration loaded.
[2026-08-05 19:32:39] [INFO] [Hardware] Pinging Bill Validator...
[2026-08-05 19:32:40] [INFO] Bill Validator ACK received.
[2026-08-05 19:32:49] [INFO] [Hardware] Pinging Bill Validator...
[2026-08-05 19:32:50] [INFO] Bill Validator ACK received.
[2026-08-05 19:32:51] [INFO] [Update] Starting installation for: C:\Projects\EGM\Logs\update_pkg_2.0.0.txt
[2026-08-05 19:32:51] [INFO] State Changed: IDLE -> UPDATING | Reason: User initiated update
[2026-08-05 19:32:51] [INFO] [Update] Package validated. Target version: 2.0.0
[2026-08-05 19:32:51] [INFO] [Update] Running pre-install script...
[2026-08-05 19:32:52] [INFO] Configuration saved.
[2026-08-05 19:32:52] [INFO] [Update] Installation successful. Active version: 2.0.0
[2026-08-05 19:32:52] [INFO] State Changed: UPDATING -> IDLE | Reason: Update completed successfully
[2026-08-05 19:32:59] [INFO] [Hardware] Pinging Bill Validator...
[2026-08-05 19:33:00] [INFO] Bill Validator ACK received.
[2026-08-05 19:33:09] [INFO] [Hardware] Pinging Bill Validator...
[2026-08-05 19:33:10] [INFO] Bill Validator ACK received.
[2026-08-05 19:33:19] [INFO] [Hardware] Pinging Bill Validator...
[2026-08-05 19:33:20] [INFO] Bill Validator ACK received.
[2026-08-05 19:33:25] [INFO] [Update] Starting installation for: C:\Projects\EGM\Logs\update_pkg_bad_3.0.0.txt
[2026-08-05 19:33:25] [INFO] State Changed: IDLE -> UPDATING | Reason: User initiated update
[2026-08-05 19:33:25] [INFO] [Update] Package validated. Target version: 3.0.0
[2026-08-05 19:33:25] [INFO] [Update] Running pre-install script...
[2026-08-05 19:33:26] [ERROR] [Update] Installation failed: Pre-install script failed.
[2026-08-05 19:33:26] [WARNING] [Update] Rolling back to 2.0.0
[2026-08-05 19:33:26] [INFO] Configuration saved.
[2026-08-05 19:33:26] [INFO] State Changed: UPDATING -> IDLE | Reason: Rollback completed
[2026-08-05 19:33:29] [INFO] [Hardware] Pinging Bill Validator...
[2026-08-05 19:33:30] [INFO] Bill Validator ACK received.
[2026-08-05 19:33:39] [INFO] [Hardware] Pinging Bill Validator...
[2026-08-05 19:33:40] [INFO] Bill Validator ACK received.
[2026-08-05 19:33:49] [INFO] [Hardware] Pinging Bill Validator...
[2026-08-05 19:33:50] [INFO] Bill Validator ACK received.
[2026-08-05 19:33:59] [INFO] [Hardware] Pinging Bill Validator...
[2026-08-05 19:34:00] [INFO] Bill Validator ACK received.
[2026-08-05 19:34:09] [INFO] [Hardware] Pinging Bill Validator...
[2026-08-05 19:34:10] [INFO] Bill Validator ACK received.
[2026-08-05 19:34:19] [INFO] [Hardware] Pinging Bill Validator...
[2026-08-05 19:34:20] [INFO] Bill Validator ACK received.
[2026-08-05 19:34:29] [INFO] [Hardware] Pinging Bill Validator...
[2026-08-05 19:34:30] [INFO] Bill Validator ACK received.
[2026-08-05 19:34:39] [INFO] [Hardware] Pinging Bill Validator...
[2026-08-05 19:34:40] [INFO] Bill Validator ACK received.
[2026-08-05 19:34:49] [INFO] [Hardware] Pinging Bill Validator...
[2026-08-05 19:34:50] [INFO] Bill Validator ACK received.
[2026-08-05 19:34:59] [INFO] [Hardware] Pinging Bill Validator...
[2026-08-05 19:35:00] [INFO] Bill Validator ACK received.
[2026-08-05 19:35:09] [INFO] [Hardware] Pinging Bill Validator...
[2026-08-05 19:35:10] [INFO] Bill Validator ACK received.
[2026-08-05 19:35:19] [INFO] [Hardware] Pinging Bill Validator...
[2026-08-05 19:35:20] [INFO] Bill Validator ACK received.
[2026-08-05 19:35:29] [INFO] [Hardware] Pinging Bill Validator...
[2026-08-05 19:35:30] [INFO] Bill Validator ACK received.
[2026-08-05 19:35:39] [INFO] [Hardware] Pinging Bill Validator...
[2026-08-05 19:35:40] [INFO] Bill Validator ACK received.
[2026-08-05 19:35:49] [INFO] [Hardware] Pinging Bill Validator...
[2026-08-05 19:35:50] [INFO] Bill Validator ACK received.
[2026-08-05 19:35:59] [INFO] [Hardware] Pinging Bill Validator...
[2026-08-05 19:36:00] [INFO] Bill Validator ACK received.
[2026-08-05 19:36:09] [INFO] [Hardware] Pinging Bill Validator...
[2026-08-05 19:36:10] [INFO] Bill Validator ACK received.
[2026-08-05 19:36:19] [INFO] [Hardware] Pinging Bill Validator...
[2026-08-05 19:36:20] [INFO] Bill Validator ACK received.
[2026-08-05 19:36:29] [INFO] [Hardware] Pinging Bill Validator...
[2026-08-05 19:36:30] [INFO] Bill Validator ACK received.
[2026-08-05 19:36:39] [INFO] [Hardware] Pinging Bill Validator...
[2026-08-05 19:36:40] [INFO] Bill Validator ACK received.
[2026-08-05 19:36:49] [INFO] [Hardware] Pinging Bill Validator...
[2026-08-05 19:36:50] [INFO] Bill Validator ACK received.
[2026-08-05 19:36:59] [INFO] [Hardware] Pinging Bill Validator...
[2026-08-05 19:37:00] [INFO] Bill Validator ACK received.
[2026-08-05 19:37:09] [INFO] [Hardware] Pinging Bill Validator...
[2026-08-05 19:37:10] [INFO] Bill Validator ACK received.
[2026-08-05 19:38:41] [INFO] Bill Validator Service Started.
[2026-08-05 19:38:41] [INFO] [Hardware] Pinging Bill Validator...
[2026-08-05 19:38:41] [INFO] Bill Validator ACK received.
[2026-08-05 19:38:51] [INFO] [Hardware] Pinging Bill Validator...
[2026-08-05 19:38:51] [INFO] Bill Validator ACK received.
[2026-08-05 19:38:56] [INFO] Configuration loaded.
[2026-08-05 19:39:01] [INFO] [Hardware] Pinging Bill Validator...
[2026-08-05 19:39:01] [INFO] Bill Validator ACK received.
[2026-08-05 19:39:06] [INFO] State Changed: IDLE -> RUNNING | Reason: Operator started game (web)
[2026-08-05 19:39:11] [INFO] [Hardware] Pinging Bill Validator...
[2026-08-05 19:39:11] [INFO] [Update] Starting installation for: C:\Projects\EGM\Logs\update_bad_pkg_1.1.8.txt
[2026-08-05 19:39:11] [WARNING] Invalid Transition: Cannot go from RUNNING to UPDATING. Reason: User initiated update
[2026-08-05 19:39:11] [WARNING] [Update] System must be in IDLE state to install updates.
[2026-08-05 19:39:11] [INFO] Bill Validator ACK received.
[2026-08-05 19:39:12] [INFO] [Update] Starting installation for: C:\Projects\EGM\Logs\update_bad_pkg_1.1.8.txt
[2026-08-05 19:39:12] [WARNING] Invalid Transition: Cannot go from RUNNING to UPDATING. Reason: User initiated update
[2026-08-05 19:39:12] [WARNING] [Update] System must be in IDLE state to install updates.
[2026-08-05 19:39:12] [INFO] [Update] Starting installation for: C:\Projects\EGM\Logs\update_bad_pkg_1.1.8.txt
[2026-08-05 19:39:12] [WARNING] Invalid Transition: Cannot go from RUNNING to UPDATING. Reason: User initiated update
[2026-08-05 19:39:12] [WARNING] [Update] System must be in IDLE state to install updates.
[2026-08-05 19:39:17] [INFO] State Changed: RUNNING -> IDLE | Reason: Operator stopped game (web)
[2026-08-05 19:39:21] [INFO] [Hardware] Pinging Bill Validator...
[2026-08-05 19:39:21] [INFO] Bill Validator ACK received.
[2026-08-05 19:39:31] [INFO] [Hardware] Pinging Bill Validator...
[2026-08-05 19:39:31] [INFO] Bill Validator ACK received.
[2026-08-05 19:39:41] [INFO] [Hardware] Pinging Bill Validator...
[2026-08-05 19:39:41] [INFO] Bill Validator ACK received.
[2026-08-05 19:39:51] [INFO] [Hardware] Pinging Bill Validator...
[2026-08-05 19:39:51] [INFO] Bill Validator ACK received.
[2026-08-05 19:40:01] [INFO] [Hardware] Pinging Bill Validator...
[2026-08-05 19:40:01] [INFO] Bill Validator ACK received.
[2026-08-05 19:40:11] [INFO] [Hardware] Pinging Bill Validator...
[2026-08-05 19:40:11] [INFO] Bill Validator ACK received.
[2026-08-05 19:40:21] [INFO] [Hardware] Pinging Bill Validator...
[2026-08-05 19:40:21] [INFO] Bill Validator ACK received.
[2026-08-05 19:40:31] [INFO] [Hardware] Pinging Bill Validator...
[2026-08-05 19:40:31] [INFO] Bill Validator ACK received.
[2026-08-05 19:40:41] [INFO] [Hardware] Pinging Bill Validator...
[2026-08-05 19:40:41] [INFO] Bill Validator ACK received.
[2026-08-05 19:40:51] [INFO] [Hardware] Pinging Bill Validator...
[2026-08-05 19:40:51] [INFO] Bill Validator ACK received.
[2026-08-05 19:41:01] [INFO] [Hardware] Pinging Bill Validator...
[2026-08-05 19:41:01] [INFO] Bill Validator ACK received.
[2026-08-05 19:41:11] [INFO] [Hardware] Pinging Bill Validator...
[2026-08-05 19:41:11] [INFO] Bill Validator ACK received.
[2026-08-05 19:41:21] [INFO] [Hardware] Pinging Bill Validator...
[2026-08-05 19:41:21] [INFO] Bill Validator ACK received.
[2026-08-05 19:41:31] [INFO] [Hardware] Pinging Bill Validator...
[2026-08-05 19:41:31] [INFO] Bill Validator ACK received.
[2026-08-05 19:41:41] [INFO] [Hardware] Pinging Bill Validator...
[2026-08-05 19:41:41] [INFO] Bill Validator ACK received.
[2026-08-05 19:41:51] [INFO] [Hardware] Pinging Bill Validator...
[2026-08-05 19:41:51] [INFO] Bill Validator ACK received.
[2026-08-05 19:42:01] [INFO] [Hardware] Pinging Bill Validator...
[2026-08-05 19:42:01] [INFO] Bill Validator ACK received.
[2026-08-05 19:42:11] [INFO] [Hardware] Pinging Bill Validator...
[2026-08-05 19:42:11] [INFO] Bill Validator ACK received.
[2026-08-05 19:42:21] [INFO] [Hardware] Pinging Bill Validator...
[2026-08-05 19:42:21] [INFO] Bill Validator ACK received.
[2026-08-05 19:42:31] [INFO] [Hardware] Pinging Bill Validator...
[2026-08-05 19:42:31] [INFO] Bill Validator ACK received.
[2026-08-05 19:42:41] [INFO] [Hardware] Pinging Bill Validator...
[2026-08-05 19:42:41] [INFO] Bill Validator ACK received.
[2026-08-05 19:42:51] [INFO] [Hardware] Pinging Bill Validator...
[2026-08-05 19:42:51] [INFO] Bill Validator ACK received.
[2026-08-05 19:43:01] [INFO] [Hardware] Pinging Bill Validator...
[2026-08-05 19:43:01] [INFO] Bill Validator ACK received.
[2026-08-05 19:43:11] [INFO] [Hardware] Pinging Bill Validator...
[2026-08-05 19:43:11] [INFO] Bill Validator ACK received.
[2026-08-05 19:43:21] [INFO] [Hardware] Pinging Bill Validator...
[2026-08-05 19:43:21] [INFO] Bill Validator ACK received.
[2026-08-05 19:43:31] [INFO] [Hardware] Pinging Bill Validator...
[2026-08-05 19:43:31] [INFO] Bill Validator ACK received.
[2026-08-05 19:43:41] [INFO] [Hardware] Pinging Bill Validator...
[2026-08-05 19:43:41] [INFO] Bill Validator ACK received.
[2026-08-05 19:43:51] [INFO] [Hardware] Pinging Bill Validator...
[2026-08-05 19:43:51] [INFO] Bill Validator ACK received.
[2026-08-05 19:44:01] [INFO] [Hardware] Pinging Bill Validator...
[2026-08-05 19:44:01] [INFO] Bill Validator ACK received.
[2026-08-05 19:44:11] [INFO] [Hardware] Pinging Bill Validator...
[2026-08-05 19:44:11] [INFO] Bill Validator ACK received.
[2026-08-05 19:44:21] [INFO] [Hardware] Pinging Bill Validator...
[2026-08-05 19:44:21] [INFO] Bill Validator ACK received.
[2026-08-05 19:44:31] [INFO] [Hardware] Pinging Bill Validator...
[2026-08-05 19:44:31] [INFO] Bill Validator ACK received.
[2026-08-05 19:44:41] [INFO] [Hardware] Pinging Bill Validator...
[2026-08-05 19:44:41] [INFO] Bill Validator ACK received.
[2026-08-05 19:44:51] [INFO] [Hardware] Pinging Bill Validator...
[2026-08-05 19:44:51] [INFO] Bill Validator ACK received.
[2026-08-05 19:45:01] [INFO] [Hardware] Pinging Bill Validator...
[2026-08-05 19:45:01] [INFO] Bill Validator ACK received.
[2026-08-05 19:45:11] [INFO] [Hardware] Pinging Bill Validator...
[2026-08-05 19:45:11] [INFO] Bill Validator ACK received.
[2026-08-05 19:45:21] [INFO] [Hardware] Pinging Bill Validator...
[2026-08-05 19:45:21] [INFO] Bill Validator ACK received.
[2026-08-05 19:45:31] [INFO] [Hardware] Pinging Bill Validator...
[2026-08-05 19:45:31] [INFO] Bill Validator ACK received.
[2026-08-05 19:45:41] [INFO] [Hardware] Pinging Bill Validator...
[2026-08-05 19:45:41] [INFO] Bill Validator ACK received.
[2026-08-05 19:45:51] [INFO] [Hardware] Pinging Bill Validator...
[2026-08-05 19:45:51] [INFO] Bill Validator ACK received.
[2026-08-05 19:46:01] [INFO] [Hardware] Pinging Bill Validator...
[2026-08-05 19:46:01] [INFO] Bill Validator ACK received.
[2026-08-05 19:46:11] [INFO] [Hardware] Pinging Bill Validator...
[2026-08-05 19:46:11] [INFO] Bill Validator ACK received.
[2026-08-05 19:46:21] [INFO] [Hardware] Pinging Bill Validator...
[2026-08-05 19:46:21] [INFO] Bill Validator ACK received.
[2026-08-05 19:46:31] [INFO] [Hardware] Pinging Bill Validator...
[2026-08-05 19:46:31] [INFO] Bill Validator ACK received.
[2026-08-05 19:46:41] [INFO] [Hardware] Pinging Bill Validator...
[2026-08-05 19:46:41] [INFO] Bill Validator ACK received.
[2026-08-05 19:46:51] [INFO] [Hardware] Pinging Bill Validator...
[2026-08-05 19:46:51] [INFO] Bill Validator ACK received.
[2026-08-05 19:47:01] [INFO] [Hardware] Pinging Bill Validator...
[2026-08-05 19:47:01] [INFO] Bill Validator ACK received.
[2026-08-05 19:47:11] [INFO] [Hardware] Pinging Bill Validator...
[2026-08-05 19:47:11] [INFO] Bill Validator ACK received.
[2026-08-05 19:47:21] [INFO] [Hardware] Pinging Bill Validator...
[2026-08-05 19:47:21] [INFO] Bill Validator ACK received.
[2026-08-05 19:47:31] [INFO] [Hardware] Pinging Bill Validator...
[2026-08-05 19:47:31] [INFO] Bill Validator ACK received.
[2026-08-05 19:47:41] [INFO] [Hardware] Pinging Bill Validator...
[2026-08-05 19:47:41] [INFO] Bill Validator ACK received.
[2026-08-05 19:47:51] [INFO] [Hardware] Pinging Bill Validator...
[2026-08-05 19:47:51] [INFO] Bill Validator ACK received.
[2026-08-05 19:48:01] [INFO] [Hardware] Pinging Bill Validator...
[2026-08-05 19:48:01] [INFO] Bill Validator ACK received.
[2026-08-05 19:48:11] [INFO] [Hardware] Pinging Bill Validator...
[2026-08-05 19:48:11] [INFO] Bill Validator ACK received.
[2026-08-05 19:48:21] [INFO] [Hardware] Pinging Bill Validator...
[2026-08-05 19:48:21] [INFO] Bill Validator ACK received.
[2026-08-05 19:48:31] [INFO] [Hardware] Pinging Bill Validator...
[2026-08-05 19:48:31] [INFO] Bill Validator ACK received.
[2026-08-05 19:48:41] [INFO] [Hardware] Pinging Bill Validator...
[2026-08-05 19:48:41] [INFO] Bill Validator ACK received.
[2026-08-05 19:48:51] [INFO] [Hardware] Pinging Bill Validator...
[2026-08-05 19:48:51] [INFO] Bill Validator ACK received.
[2026-08-05 19:49:01] [INFO] [Hardware] Pinging Bill Validator...
[2026-08-05 19:49:01] [INFO] Bill Validator ACK received.
[2026-08-05 19:49:11] [INFO] [Hardware] Pinging Bill Validator...
[2026-08-05 19:49:11] [INFO] Bill Validator ACK received.
[2026-08-05 19:49:21] [INFO] [Hardware] Pinging Bill Validator...
[2026-08-05 19:49:21] [INFO] Bill Validator ACK received.
[2026-08-05 19:49:31] [INFO] [Hardware] Pinging Bill Validator...
[2026-08-05 19:49:31] [INFO] Bill Validator ACK received.
[2026-08-05 19:49:41] [INFO] [Hardware] Pinging Bill Validator...
[2026-08-05 19:49:41] [INFO] Bill Validator ACK received.
[2026-08-05 19:49:51] [INFO] [Hardware] Pinging Bill Validator...
[2026-08-05 19:49:51] [INFO] Bill Validator ACK received.
[2026-08-05 19:50:01] [INFO] [Hardware] Pinging Bill Validator...
[2026-08-05 19:50:01] [INFO] Bill Validator ACK received.
[2026-08-05 19:50:11] [INFO] [Hardware] Pinging Bill Validator...
[2026-08-05 19:50:11] [INFO] Bill Validator ACK received.
[2026-08-05 19:50:21] [INFO] [Hardware] Pinging Bill Validator...
[2026-08-05 19:50:21] [INFO] Bill Validator ACK received.
[2026-08-05 19:50:31] [INFO] [Hardware] Pinging Bill Validator...
[2026-08-05 19:50:31] [INFO] Bill Validator ACK received.
[2026-08-05 19:50:41] [INFO] [Hardware] Pinging Bill Validator...
[2026-08-05 19:50:41] [INFO] Bill Validator ACK received.
[2026-08-05 19:50:51] [INFO] [Hardware] Pinging Bill Validator...
[2026-08-05 19:50:51] [INFO] Bill Validator ACK received.
[2026-08-05 19:51:01] [INFO] [Hardware] Pinging Bill Validator...
[2026-08-05 19:51:01] [INFO] Bill Validator ACK received.
[2026-08-05 19:51:11] [INFO] [Hardware] Pinging Bill Validator...
[2026-08-05 19:51:11] [INFO] Bill Validator ACK received.
[2026-08-05 19:51:21] [INFO] [Hardware] Pinging Bill Validator...
[2026-08-05 19:51:21] [INFO] Bill Validator ACK received.
[2026-08-05 19:51:31] [INFO] [Hardware] Pinging Bill Validator...
[2026-08-05 19:51:31] [INFO] Bill Validator ACK received.
[2026-08-05 19:51:41] [INFO] [Hardware] Pinging Bill Validator...
[2026-08-05 19:51:41] [INFO] Bill Validator ACK received.
[2026-08-05 19:51:51] [INFO] [Hardware] Pinging Bill Validator...
[2026-08-05 19:51:51] [INFO] Bill Validator ACK received.
[2026-08-05 19:52:01] [INFO] [Hardware] Pinging Bill Validator...
[2026-08-05 19:52:01] [INFO] Bill Validator ACK received.
[2026-08-05 19:52:11] [INFO] [Hardware] Pinging Bill Validator...
[2026-08-05 19:52:11] [INFO] Bill Validator ACK received.
[2026-08-05 19:52:21] [INFO] [Hardware] Pinging Bill Validator...
[2026-08-05 19:52:21] [INFO] Bill Validator ACK received.
[2026-08-05 19:52:31] [INFO] [Hardware] Pinging Bill Validator...
[2026-08-05 19:52:31] [INFO] Bill Validator ACK received.
[2026-08-05 19:52:41] [INFO] [Hardware] Pinging Bill Validator...
[2026-08-05 19:52:41] [INFO] Bill Validator ACK received.
[2026-08-05 19:52:51] [INFO] [Hardware] Pinging Bill Validator...
[2026-08-05 19:52:51] [INFO] Bill Validator ACK received.
[2026-08-05 19:53:01] [INFO] [Hardware] Pinging Bill Validator...
[2026-08-05 19:53:01] [INFO] Bill Validator ACK received.
[2026-08-05 19:53:11] [INFO] [Hardware] Pinging Bill Validator...
[2026-08-05 19:53:11] [INFO] Bill Validator ACK received.
[2026-08-05 19:53:21] [INFO] [Hardware] Pinging Bill Validator...
[2026-08-05 19:53:21] [INFO] Bill Validator ACK received.
[2026-08-05 19:53:31] [INFO] [Hardware] Pinging Bill Validator...
[2026-08-05 19:53:31] [INFO] Bill Validator ACK received.
[2026-08-05 19:53:41] [INFO] [Hardware] Pinging Bill Validator...
[2026-08-05 19:53:41] [INFO] Bill Validator ACK received.
[2026-08-05 19:53:51] [INFO] [Hardware] Pinging Bill Validator...
[2026-08-05 19:53:51] [INFO] Bill Validator ACK received.
[2026-08-05 19:54:01] [INFO] [Hardware] Pinging Bill Validator...
[2026-08-05 19:54:01] [INFO] Bill Validator ACK received.
[2026-08-05 19:54:11] [INFO] [Hardware] Pinging Bill Validator...
[2026-08-05 19:54:11] [INFO] Bill Validator ACK received.
[2026-08-05 19:54:21] [INFO] [Hardware] Pinging Bill Validator...
[2026-08-05 19:54:21] [INFO] Bill Validator ACK received.
[2026-08-05 19:54:31] [INFO] [Hardware] Pinging Bill Validator...
[2026-08-05 19:54:31] [INFO] Bill Validator ACK received.
[2026-08-05 19:54:41] [INFO] [Hardware] Pinging Bill Validator...
[2026-08-05 19:54:41] [INFO] Bill Validator ACK received.
[2026-08-05 19:54:51] [INFO] [Hardware] Pinging Bill Validator...
[2026-08-05 19:54:51] [INFO] Bill Validator ACK received.
[2026-08-05 19:55:01] [INFO] [Hardware] Pinging Bill Validator...
[2026-08-05 19:55:01] [INFO] Bill Validator ACK received.
[2026-08-05 19:55:11] [INFO] [Hardware] Pinging Bill Validator...
[2026-08-05 19:55:11] [INFO] Bill Validator ACK received.
[2026-08-05 19:55:21] [INFO] [Hardware] Pinging Bill Validator...
[2026-08-05 19:55:21] [INFO] Bill Validator ACK received.
[2026-08-05 19:55:31] [INFO] [Hardware] Pinging Bill Validator...
[2026-08-05 19:55:31] [INFO] Bill Validator ACK received.
[2026-08-05 19:55:41] [INFO] [Hardware] Pinging Bill Validator...
[2026-08-05 19:55:41] [INFO] Bill Validator ACK received.
[2026-08-05 19:55:51] [INFO] [Hardware] Pinging Bill Validator...
[2026-08-05 19:55:51] [INFO] Bill Validator ACK received.
[2026-08-05 19:56:01] [INFO] [Hardware] Pinging Bill Validator...
[2026-08-05 19:56:01] [INFO] Bill Validator ACK received.
[2026-08-05 19:56:11] [INFO] [Hardware] Pinging Bill Validator...
[2026-08-05 19:56:11] [INFO] Bill Validator ACK received.
[2026-08-05 19:56:21] [INFO] [Hardware] Pinging Bill Validator...
[2026-08-05 19:56:21] [INFO] Bill Validator ACK received.
[2026-08-05 19:56:31] [INFO] [Hardware] Pinging Bill Validator...
[2026-08-05 19:56:31] [INFO] Bill Validator ACK received.
[2026-08-05 19:56:41] [INFO] [Hardware] Pinging Bill Validator...
[2026-08-05 19:56:41] [INFO] Bill Validator ACK received.
[2026-08-05 19:56:51] [INFO] [Hardware] Pinging Bill Validator...
[2026-08-05 19:56:51] [INFO] Bill Validator ACK received.
[2026-08-05 19:57:01] [INFO] [Hardware] Pinging Bill Validator...
[2026-08-05 19:57:01] [INFO] Bill Validator ACK received.
[2026-08-05 19:57:11] [INFO] [Hardware] Pinging Bill Validator...
[2026-08-05 19:57:11] [INFO] Bill Validator ACK received.
[2026-08-05 19:57:21] [INFO] [Hardware] Pinging Bill Validator...
[2026-08-05 19:57:21] [INFO] Bill Validator ACK received.
[2026-08-05 19:57:31] [INFO] [Hardware] Pinging Bill Validator...
[2026-08-05 19:57:31] [INFO] Bill Validator ACK received.
[2026-08-05 19:57:41] [INFO] [Hardware] Pinging Bill Validator...
[2026-08-05 19:57:41] [INFO] Bill Validator ACK received.
[2026-08-05 19:57:51] [INFO] [Hardware] Pinging Bill Validator...
[2026-08-05 19:57:51] [INFO] Bill Validator ACK received.
[2026-08-05 19:58:01] [INFO] [Hardware] Pinging Bill Validator...
[2026-08-05 19:58:01] [INFO] Bill Validator ACK received.
[2026-08-05 19:58:11] [INFO] [Hardware] Pinging Bill Validator...
[2026-08-05 19:58:11] [INFO] Bill Validator ACK received.
[2026-08-05 19:58:21] [INFO] [Hardware] Pinging Bill Validator...
[2026-08-05 19:58:21] [INFO] Bill Validator ACK received.
[2026-08-05 19:58:31] [INFO] [Hardware] Pinging Bill Validator...
[2026-08-05 19:58:31] [INFO] Bill Validator ACK received.
[2026-08-05 19:58:41] [INFO] [Hardware] Pinging Bill Validator...
[2026-08-05 19:58:41] [INFO] Bill Validator ACK received.
[2026-08-05 19:58:51] [INFO] [Hardware] Pinging Bill Validator...
[2026-08-05 19:58:51] [INFO] Bill Validator ACK received.
[2026-08-05 19:59:01] [INFO] [Hardware] Pinging Bill Validator...
[2026-08-05 19:59:01] [INFO] Bill Validator ACK received.
[2026-08-05 19:59:11] [INFO] [Hardware] Pinging Bill Validator...
[2026-08-05 19:59:11] [INFO] Bill Validator ACK received.
[2026-08-05 19:59:21] [INFO] [Hardware] Pinging Bill Validator...
[2026-08-05 19:59:21] [INFO] Bill Validator ACK received.
[2026-08-05 19:59:31] [INFO] [Hardware] Pinging Bill Validator...
[2026-08-05 19:59:31] [INFO] Bill Validator ACK received.
[2026-08-05 19:59:41] [INFO] [Hardware] Pinging Bill Validator...
[2026-08-05 19:59:41] [INFO] Bill Validator ACK received.
[2026-08-05 19:59:51] [INFO] [Hardware] Pinging Bill Validator...
[2026-08-05 19:59:51] [INFO] Bill Validator ACK received.
[2026-08-05 20:00:01] [INFO] [Hardware] Pinging Bill Validator...
[2026-08-05 20:00:01] [INFO] Bill Validator ACK received.
[2026-08-05 20:00:11] [INFO] [Hardware] Pinging Bill Validator...
[2026-08-05 20:00:11] [INFO] Bill Validator ACK received.
[2026-08-05 20:00:21] [INFO] [Hardware] Pinging Bill Validator...
[2026-08-05 20:00:21] [INFO] Bill Validator ACK received.
[2026-08-05 20:00:31] [INFO] [Hardware] Pinging Bill Validator...
[2026-08-05 20:00:31] [INFO] Bill Validator ACK received.
[2026-08-05 20:00:41] [INFO] [Hardware] Pinging Bill Validator...
[2026-08-05 20:00:41] [INFO] Bill Validator ACK received.
[2026-08-05 20:00:51] [INFO] [Hardware] Pinging Bill Validator...
[2026-08-05 20:00:51] [INFO] Bill Validator ACK received.
[2026-08-05 20:01:01] [INFO] [Hardware] Pinging Bill Validator...
[2026-08-05 20:01:01] [INFO] Bill Validator ACK received.
[2026-08-05 20:01:11] [INFO] [Hardware] Pinging Bill Validator...
[2026-08-05 20:01:11] [INFO] Bill Validator ACK received.
[2026-08-05 20:01:21] [INFO] [Hardware] Pinging Bill Validator...
[2026-08-05 20:01:21] [INFO] Bill Validator ACK received.
[2026-08-05 20:01:31] [INFO] [Hardware] Pinging Bill Validator...
[2026-08-05 20:01:31] [INFO] Bill Validator ACK received.
[2026-08-05 20:01:41] [INFO] [Hardware] Pinging Bill Validator...
[2026-08-05 20:01:41] [INFO] Bill Validator ACK received.
[2026-08-05 20:01:51] [INFO] [Hardware] Pinging Bill Validator...
[2026-08-05 20:01:51] [INFO] Bill Validator ACK received.
[2026-08-05 20:02:01] [INFO] [Hardware] Pinging Bill Validator...
[2026-08-05 20:02:01] [INFO] Bill Validator ACK received.
[2026-08-05 20:02:11] [INFO] [Hardware] Pinging Bill Validator...
[2026-08-05 20:02:11] [INFO] Bill Validator ACK received.
[2026-08-05 20:02:21] [INFO] [Hardware] Pinging Bill Validator...
[2026-08-05 20:02:21] [INFO] Bill Validator ACK received.
[2026-08-05 20:02:31] [INFO] [Hardware] Pinging Bill Validator...
[2026-08-05 20:02:31] [INFO] Bill Validator ACK received.
[2026-08-05 20:02:41] [INFO] [Hardware] Pinging Bill Validator...
[2026-08-05 20:02:41] [INFO] Bill Validator ACK received.
[2026-08-05 20:02:51] [INFO] [Hardware] Pinging Bill Validator...
[2026-08-05 20:02:51] [INFO] Bill Validator ACK received.
[2026-08-05 20:03:01] [INFO] [Hardware] Pinging Bill Validator...
[2026-08-05 20:03:01] [INFO] Bill Validator ACK received.
[2026-08-05 20:03:11] [INFO] [Hardware] Pinging Bill Validator...
[2026-08-05 20:03:11] [INFO] Bill Validator ACK received.
[2026-08-05 20:03:21] [INFO] [Hardware] Pinging Bill Validator...
[2026-08-05 20:03:21] [INFO] Bill Validator ACK received.
[2026-08-05 20:03:31] [INFO] [Hardware] Pinging Bill Validator...
[2026-08-05 20:03:31] [INFO] Bill Validator ACK received.
[2026-08-05 20:03:41] [INFO] [Hardware] Pinging Bill Validator...
[2026-08-05 20:03:41] [INFO] Bill Validator ACK received.
[2026-08-05 20:03:51] [INFO] [Hardware] Pinging Bill Validator...
[2026-08-05 20:03:51] [INFO] Bill Validator ACK received.
[2026-08-05 20:04:01] [INFO] [Hardware] Pinging Bill Validator...
[2026-08-05 20:04:01] [INFO] Bill Validator ACK received.
[2026-08-05 20:04:11] [INFO] [Hardware] Pinging Bill Validator...
[2026-08-05 20:04:11] [INFO] Bill Validator ACK received.
[2026-08-05 20:04:21] [INFO] [Hardware] Pinging Bill Validator...
[2026-08-05 20:04:21] [INFO] Bill Validator ACK received.
[2026-08-05 20:04:31] [INFO] [Hardware] Pinging Bill Validator...
[2026-08-05 20:04:31] [INFO] Bill Validator ACK received.
[2026-08-05 20:04:41] [INFO] [Hardware] Pinging Bill Validator...
[2026-08-05 20:04:41] [INFO] Bill Validator ACK received.
[2026-08-05 20:05:05] [INFO] Bill Validator Service Started.
[2026-08-05 20:05:05] [INFO] [Hardware] Pinging Bill Validator...
[2026-08-05 20:05:06] [INFO] Bill Validator ACK received.
[2026-08-05 20:05:15] [INFO] [Hardware] Pinging Bill Validator...
[2026-08-05 20:05:16] [INFO] Bill Validator ACK received.
[2026-08-05 20:05:25] [INFO] [Hardware] Pinging Bill Validator...
[2026-08-05 20:05:26] [INFO] Bill Validator ACK received.
[2026-08-05 20:05:30] [INFO] Configuration loaded.
[2026-08-05 20:05:30] [INFO] State Changed: IDLE -> RUNNING | Reason: Operator started game (web)
[2026-08-05 20:05:30] [INFO] State Changed: RUNNING -> IDLE | Reason: Operator stopped game (web)
[2026-08-05 20:05:30] [WARNING] [FORCE] Forcing state to MAINTENANCE. Reason: Door opened (web)
[2026-08-05 20:05:30] [INFO] State Changed: IDLE -> MAINTENANCE | Reason: Door opened (web)
[2026-08-05 20:05:30] [INFO] [Update] Starting installation for: C:\Projects\EGM\Logs\update_pkg_2.0.0.txt
[2026-08-05 20:05:30] [WARNING] Invalid Transition: Cannot go from MAINTENANCE to UPDATING. Reason: User initiated update
[2026-08-05 20:05:30] [WARNING] [Update] System must be in IDLE state to install updates.
[2026-08-05 20:05:35] [INFO] [Hardware] Pinging Bill Validator...
[2026-08-05 20:05:36] [INFO] Bill Validator ACK received.
[2026-08-05 20:05:45] [INFO] [Hardware] Pinging Bill Validator...
[2026-08-05 20:05:46] [INFO] Bill Validator ACK received.
